<html>
<body>
<pre>
<h1>µVision Build Log</h1>
<h2>Tool Versions:</h2>
IDE-Version: µVision V5.15
Copyright (C) 2015 ARM Ltd and ARM Germany GmbH. All rights reserved.
License Information: Jean-Pierre Lartigue, Fluxon, LIC=AK156-DU6I1-EZVWX-HM31S-VWYZM-VR297
 
Tool Versions:
Toolchain:       MDK-ARM Professional  Version: 5.15.0
Toolchain Path:  C:\Keil_v5\ARM\ARMCC\Bin
C Compiler:      Armcc.exe V5.05 update 2 (build 169)
Assembler:       Armasm.exe V5.05 update 2 (build 169)
Linker/Locator:  ArmLink.exe V5.05 update 2 (build 169)
Library Manager: ArmAr.exe V5.05 update 2 (build 169)
Hex Converter:   FromElf.exe V5.05 update 2 (build 169)
CPU DLL:         SARMCM3.DLL V5.15.0
Dialog DLL:      DCM.DLL V1.13.2.0
Target DLL:      STLink\ST-LINKIII-KEIL_SWO.dll V2.0.15.0_KEIL
Dialog DLL:      TCM.DLL V1.14.5.0
 
<h2>Project:</h2>
C:\Users\JPLARTIGUE\KeilProjects\projects\FloRa\stm32-test.uvprojx
Project File Date:  09/09/2015

<h2>Output:</h2>
*** Using Compiler 'V5.05 update 2 (build 169)', folder: 'C:\Keil_v5\ARM\ARMCC\Bin'
Rebuild target 'Target 1'
compiling main.c...
main.c(99): warning:  #177-D: variable "test" was declared but never referenced
   static bool test = true;
main.c: 1 warning, 0 errors
compiling misc.c...
compiling stm32l1xx_gpio.c...
compiling stm32l1xx_rcc.c...
compiling stm32l152_eval.c...
compiling stm32l1xx_adc.c...
compiling stm32l1xx_aes.c...
compiling stm32l1xx_aes_util.c...
compiling stm32l1xx_comp.c...
compiling stm32l1xx_crc.c...
compiling stm32l1xx_dac.c...
compiling stm32l1xx_dbgmcu.c...
compiling stm32l1xx_dma.c...
compiling stm32l1xx_exti.c...
compiling stm32l1xx_flash.c...
compiling stm32l1xx_flash_ramfunc.c...
compiling stm32l1xx_fsmc.c...
compiling stm32l1xx_i2c.c...
compiling stm32l1xx_iwdg.c...
compiling stm32l1xx_lcd.c...
compiling stm32l1xx_opamp.c...
compiling stm32l1xx_pwr.c...
compiling stm32l1xx_rtc.c...
compiling stm32l1xx_sdio.c...
compiling stm32l1xx_spi.c...
compiling stm32l1xx_syscfg.c...
compiling stm32l1xx_tim.c...
compiling stm32l1xx_usart.c...
compiling stm32l1xx_wwdg.c...
assembling startup_stm32l1xx_mdp.s...
compiling system_stm32l1xx.c...
system_stm32l1xx.c(290): warning:  #223-D: function "printf" declared implicitly
                                printf("system_stm32l1xx.c : SystemCoreClockUpdate %d \n", SystemCoreClock);
system_stm32l1xx.c(396): warning:  #223-D: function "printf" declared implicitly
                printf("HSE CONFIGURATION FAILED...\n");
system_stm32l1xx.c: 2 warnings, 0 errors
compiling LoRaMac.c...
compiling LoRaMacCrypto.c...
compiling board.c...
compiling gpio-board.c...
compiling rtc-board.c...
compiling spi-board.c...
compiling sx1272-board.c...
compiling timer-board.c...
compiling sx1272.c...
compiling utilities.c...
compiling delay.c...
compiling fifo.c...
compiling gpio.c...
compiling timer.c...
compiling aes.c...
compiling cmac.c...
linking...
Program Size: Code=31856 RO-data=1508 RW-data=564 ZI-data=3276  
".\Objects\stm32-test.axf" - 0 Error(s), 3 Warning(s).

<h2>Collection of Component include folders:</h2>
  C:\Users\JPLARTIGUE\KeilProjects\projects\FloRa\RTE
  C:\Keil_v5\ARM\PACK\Keil\STM32L1xx_DFP\1.0.2\Device\Include

<h2>Collection of Component Files used:</h2>
</pre>
</body>
</html>
