Component: ARM Compiler 5.05 update 2 (build 169) Tool: armlink [4d0f33]

==============================================================================

Section Cross References

    main.o(i.OnLed1TimerEvent) refers to gpio.o(i.GpioWrite) for GpioWrite
    main.o(i.OnLed1TimerEvent) refers to board.o(.bss) for Led1
    main.o(i.OnLed2TimerEvent) refers to gpio.o(i.GpioWrite) for GpioWrite
    main.o(i.OnLed2TimerEvent) refers to board.o(.bss) for Led2
    main.o(i.OnMacEvent) refers to noretval__2printf.o(.text) for __2printf
    main.o(i.OnMacEvent) refers to main.o(i.ProcessRxFrame) for ProcessRxFrame
    main.o(i.OnMacEvent) refers to gpio.o(i.GpioWrite) for GpioWrite
    main.o(i.OnMacEvent) refers to timer.o(i.TimerStart) for TimerStart
    main.o(i.OnMacEvent) refers to main.o(.data) for IsNetworkJoined
    main.o(i.OnMacEvent) refers to board.o(.bss) for Led2
    main.o(i.OnMacEvent) refers to main.o(.bss) for Led2Timer
    main.o(i.OnTxNextPacketTimerEvent) refers to noretval__2printf.o(.text) for __2printf
    main.o(i.OnTxNextPacketTimerEvent) refers to main.o(.data) for TxNextPacket
    main.o(i.PrepareTxFrame) refers to _printf_percent.o(.ARM.Collect$$_printf_percent$$00000000) for _printf_percent
    main.o(i.PrepareTxFrame) refers to _printf_d.o(.ARM.Collect$$_printf_percent$$00000009) for _printf_d
    main.o(i.PrepareTxFrame) refers to _printf_dec.o(.text) for _printf_int_dec
    main.o(i.PrepareTxFrame) refers to board.o(i.BoardMeasureBatterieLevel) for BoardMeasureBatterieLevel
    main.o(i.PrepareTxFrame) refers to noretval__2printf.o(.text) for __2printf
    main.o(i.PrepareTxFrame) refers to main.o(.data) for AppLedStateOn
    main.o(i.PrepareTxFrame) refers to main.o(.bss) for AppData
    main.o(i.ProcessRxFrame) refers to gpio.o(i.GpioWrite) for GpioWrite
    main.o(i.ProcessRxFrame) refers to main.o(.data) for AppLedStateOn
    main.o(i.ProcessRxFrame) refers to board.o(.bss) for Led1
    main.o(i.SendFrame) refers to _printf_percent.o(.ARM.Collect$$_printf_percent$$00000000) for _printf_percent
    main.o(i.SendFrame) refers to _printf_d.o(.ARM.Collect$$_printf_percent$$00000009) for _printf_d
    main.o(i.SendFrame) refers to _printf_dec.o(.text) for _printf_int_dec
    main.o(i.SendFrame) refers to noretval__2printf.o(.text) for __2printf
    main.o(i.SendFrame) refers to loramac.o(i.LoRaMacSendFrame) for LoRaMacSendFrame
    main.o(i.SendFrame) refers to main.o(.data) for AppDataSize
    main.o(i.SendFrame) refers to main.o(.bss) for AppData
    main.o(i.main) refers to noretval__2printf.o(.text) for __2printf
    main.o(i.main) refers to board.o(i.BoardInitMcu) for BoardInitMcu
    main.o(i.main) refers to board.o(i.BoardInitPeriph) for BoardInitPeriph
    main.o(i.main) refers to board.o(i.BoardGetUniqueId) for BoardGetUniqueId
    main.o(i.main) refers to loramac.o(i.LoRaMacInit) for LoRaMacInit
    main.o(i.main) refers to loramac.o(i.LoRaMacInitNwkIds) for LoRaMacInitNwkIds
    main.o(i.main) refers to timer.o(i.TimerInit) for TimerInit
    main.o(i.main) refers to timer.o(i.TimerSetValue) for TimerSetValue
    main.o(i.main) refers to loramac.o(i.LoRaMacSetAdrOn) for LoRaMacSetAdrOn
    main.o(i.main) refers to utilities.o(i.randr) for randr
    main.o(i.main) refers to timer.o(i.TimerStart) for TimerStart
    main.o(i.main) refers to main.o(i.SendFrame) for SendFrame
    main.o(i.main) refers to main.o(i.PrepareTxFrame) for PrepareTxFrame
    main.o(i.main) refers to gpio.o(i.GpioWrite) for GpioWrite
    main.o(i.main) refers to main.o(.data) for DevEui
    main.o(i.main) refers to main.o(i.OnMacEvent) for OnMacEvent
    main.o(i.main) refers to main.o(i.OnTxNextPacketTimerEvent) for OnTxNextPacketTimerEvent
    main.o(i.main) refers to main.o(.bss) for TxNextPacketTimer
    main.o(i.main) refers to main.o(i.OnLed1TimerEvent) for OnLed1TimerEvent
    main.o(i.main) refers to main.o(i.OnLed2TimerEvent) for OnLed2TimerEvent
    main.o(i.main) refers to board.o(.bss) for Led1
    stm32l1xx_gpio.o(i.GPIO_DeInit) refers to stm32l1xx_rcc.o(i.RCC_AHBPeriphResetCmd) for RCC_AHBPeriphResetCmd
    stm32l1xx_rcc.o(i.RCC_GetClocksFreq) refers to stm32l1xx_rcc.o(.data) for PLLMulTable
    stm32l1xx_rcc.o(i.RCC_WaitForHSEStartUp) refers to stm32l1xx_rcc.o(i.RCC_GetFlagStatus) for RCC_GetFlagStatus
    stm32l152_eval.o(i.LM75_LowLevel_DeInit) refers to stm32l1xx_i2c.o(i.I2C_Cmd) for I2C_Cmd
    stm32l152_eval.o(i.LM75_LowLevel_DeInit) refers to stm32l1xx_i2c.o(i.I2C_DeInit) for I2C_DeInit
    stm32l152_eval.o(i.LM75_LowLevel_DeInit) refers to stm32l1xx_rcc.o(i.RCC_APB1PeriphClockCmd) for RCC_APB1PeriphClockCmd
    stm32l152_eval.o(i.LM75_LowLevel_DeInit) refers to stm32l1xx_gpio.o(i.GPIO_Init) for GPIO_Init
    stm32l152_eval.o(i.LM75_LowLevel_Init) refers to stm32l1xx_rcc.o(i.RCC_APB1PeriphClockCmd) for RCC_APB1PeriphClockCmd
    stm32l152_eval.o(i.LM75_LowLevel_Init) refers to stm32l1xx_rcc.o(i.RCC_AHBPeriphClockCmd) for RCC_AHBPeriphClockCmd
[...]
    DaysInMonth                              0x08007da2   Data          12  rtc-board.o(.constdata)
    DaysInMonthLeapYear                      0x08007dae   Data          12  rtc-board.o(.constdata)
    .constdata                               0x08007dbc   Section       80  sx1272-board.o(.constdata)
    .constdata                               0x08007e0c   Section      224  sx1272.o(.constdata)
    .constdata                               0x08007eec   Section      768  aes.o(.constdata)
    sbox                                     0x08007eec   Data         256  aes.o(.constdata)
    gfm2_sbox                                0x08007fec   Data         256  aes.o(.constdata)
    gfm3_sbox                                0x080080ec   Data         256  aes.o(.constdata)
    .conststring                             0x080081ec   Section       69  loramac.o(.conststring)
    .data                                    0x20000000   Section       61  main.o(.data)
    DevEui                                   0x20000000   Data           8  main.o(.data)
    NwkSKey                                  0x20000008   Data          16  main.o(.data)
    AppSKey                                  0x20000018   Data          16  main.o(.data)
    DevAddr                                  0x20000028   Data           4  main.o(.data)
    IsNetworkJoined                          0x2000002c   Data           1  main.o(.data)
    test                                     0x2000002d   Data           1  main.o(.data)
    TxDutyCycleTime                          0x20000030   Data           4  main.o(.data)
    TxNextPacket                             0x20000034   Data           1  main.o(.data)
    TxDone                                   0x20000035   Data           1  main.o(.data)
    AppPort                                  0x20000036   Data           1  main.o(.data)
    AppDataSize                              0x20000037   Data           1  main.o(.data)
    AppLedStateOn                            0x20000038   Data           1  main.o(.data)
    LoRaMacEvents                            0x20000039   Data           4  main.o(.data)
    .data                                    0x20000040   Section       29  system_stm32l1xx.o(.data)
    .data                                    0x20000060   Section      328  loramac.o(.data)
    LoRaMacDevEui                            0x20000060   Data           4  loramac.o(.data)
    LoRaMacAppEui                            0x20000064   Data           4  loramac.o(.data)
    LoRaMacAppKey                            0x20000068   Data           4  loramac.o(.data)
    LoRaMacDevNonce                          0x2000006c   Data           2  loramac.o(.data)
    LoRaMacNetID                             0x20000070   Data           4  loramac.o(.data)
    LoRaMacDevAddr                           0x20000074   Data           4  loramac.o(.data)
    PublicNetwork                            0x20000078   Data           1  loramac.o(.data)
    LoRaMacBufferPktLen                      0x2000007a   Data           2  loramac.o(.data)
    UpLinkCounter                            0x2000007c   Data           4  loramac.o(.data)
    DownLinkCounter                          0x20000080   Data           4  loramac.o(.data)
    IsUpLinkCounterFixed                     0x20000084   Data           1  loramac.o(.data)
    IsRxWindowsEnabled                       0x20000085   Data           1  loramac.o(.data)
    IsLoRaMacNetworkJoined                   0x20000086   Data           1  loramac.o(.data)
    AdrCtrlOn                                0x20000087   Data           1  loramac.o(.data)
    AdrAckCounter                            0x20000088   Data           4  loramac.o(.data)
    NodeAckRequested                         0x2000008c   Data           1  loramac.o(.data)
    SrvAckRequested                          0x2000008d   Data           1  loramac.o(.data)
    MacCommandsInNextTx                      0x2000008e   Data           1  loramac.o(.data)
    MacCommandsBufferIndex                   0x2000008f   Data           1  loramac.o(.data)
    Bands                                    0x20000090   Data          95  loramac.o(.data)
    Channels                                 0x200000ef   Data          96  loramac.o(.data)
    Rx2Channel                               0x2000014f   Data           5  loramac.o(.data)
    Rx1DrOffset                              0x20000154   Data           1  loramac.o(.data)
    ChannelsMask                             0x20000156   Data           2  loramac.o(.data)
    ChannelsTxPower                          0x20000158   Data           1  loramac.o(.data)
    ChannelsDatarate                         0x20000159   Data           1  loramac.o(.data)
    ChannelsNbRep                            0x2000015a   Data           1  loramac.o(.data)
    ChannelsNbRepCounter                     0x2000015b   Data           1  loramac.o(.data)
    MaxDCycle                                0x2000015c   Data           1  loramac.o(.data)
    AggregatedDCycle                         0x2000015e   Data           2  loramac.o(.data)
    AggregatedLastTxDoneTime                 0x20000160   Data           8  loramac.o(.data)
    AggregatedTimeOff                        0x20000168   Data           8  loramac.o(.data)
    DutyCycleOn                              0x20000170   Data           1  loramac.o(.data)
    Channel                                  0x20000171   Data           1  loramac.o(.data)
    LoRaMacEvents                            0x20000178   Data           4  loramac.o(.data)
    ReceiveDelay1                            0x20000180   Data           4  loramac.o(.data)
    ReceiveDelay2                            0x20000184   Data           4  loramac.o(.data)
    JoinAcceptDelay1                         0x20000188   Data           4  loramac.o(.data)
    JoinAcceptDelay2                         0x2000018c   Data           4  loramac.o(.data)
    RxWindow1Delay                           0x20000190   Data           4  loramac.o(.data)
    RxWindow2Delay                           0x20000194   Data           4  loramac.o(.data)
    MaxRxWindow                              0x20000198   Data           4  loramac.o(.data)
    AckTimeoutRetries                        0x2000019c   Data           1  loramac.o(.data)
    AckTimeoutRetriesCounter                 0x2000019d   Data           1  loramac.o(.data)
    AckTimeoutRetry                          0x2000019e   Data           1  loramac.o(.data)
    .data                                    0x200001a8   Section       32  loramaccrypto.o(.data)
    MicBlockB0                               0x200001a8   Data          16  loramaccrypto.o(.data)
    aBlock                                   0x200001b8   Data          16  loramaccrypto.o(.data)
    .data                                    0x200001c8   Section        1  board.o(.data)
    McuInitialized                           0x200001c8   Data           1  board.o(.data)
    .data                                    0x200001d0   Section       18  rtc-board.o(.data)
    RtcInitalized                            0x200001d0   Data           1  rtc-board.o(.data)
    RtcTimerEventAllowsLowPower              0x200001d1   Data           1  rtc-board.o(.data)
    LowPowerDisableDuringTask                0x200001d2   Data           1  rtc-board.o(.data)
    RtcTimerContext                          0x200001d8   Data           8  rtc-board.o(.data)
    PreviousYear                             0x200001e0   Data           1  rtc-board.o(.data)
    Century                                  0x200001e1   Data           1  rtc-board.o(.data)
    .data                                    0x200001e2   Section        1  sx1272-board.o(.data)
    RadioIsActive                            0x200001e2   Data           1  sx1272-board.o(.data)
    .data                                    0x200001e8   Section       28  timer-board.o(.data)
    TimerTickCounterContext                  0x200001f0   Data           8  timer-board.o(.data)
    .data                                    0x20000204   Section       29  sx1272.o(.data)
    RadioEvents                              0x20000204   Data           4  sx1272.o(.data)
    opModePrev                               0x20000220   Data           1  sx1272.o(.data)
    .data                                    0x20000224   Section        8  utilities.o(.data)
    next                                     0x20000224   Data           4  utilities.o(.data)
    .data                                    0x2000022c   Section        8  timer.o(.data)
    LowPowerModeEnable                       0x2000022c   Data           1  timer.o(.data)
    TimerListHead                            0x20000230   Data           4  timer.o(.data)
    .bss                                     0x20000234   Section       76  main.o(.bss)
    AppData                                  0x20000234   Data          16  main.o(.bss)
    TxNextPacketTimer                        0x20000244   Data          20  main.o(.bss)
    Led1Timer                                0x20000258   Data          20  main.o(.bss)
    Led2Timer                                0x2000026c   Data          20  main.o(.bss)
    .bss                                     0x20000280   Section      344  loramac.o(.bss)
    LoRaMacNwkSKey                           0x20000280   Data          16  loramac.o(.bss)
    LoRaMacAppSKey                           0x20000290   Data          16  loramac.o(.bss)
    LoRaMacBuffer                            0x200002a0   Data          64  loramac.o(.bss)
    LoRaMacPayload                           0x200002e0   Data          64  loramac.o(.bss)
    MacCommandsBuffer                        0x20000320   Data          15  loramac.o(.bss)
    MacStateCheckTimer                       0x20000330   Data          20  loramac.o(.bss)
    RadioEvents                              0x20000358   Data          28  loramac.o(.bss)
    ChannelCheckTimer                        0x20000374   Data          20  loramac.o(.bss)
    TxDelayedTimer                           0x20000388   Data          20  loramac.o(.bss)
    RxWindowTimer1                           0x2000039c   Data          20  loramac.o(.bss)
    RxWindowTimer2                           0x200003b0   Data          20  loramac.o(.bss)
    AckTimeoutTimer                          0x200003c4   Data          20  loramac.o(.bss)
    .bss                                     0x200003d8   Section      556  loramaccrypto.o(.bss)
    Mic                                      0x200003d8   Data          16  loramaccrypto.o(.bss)
    sBlock                                   0x200003e8   Data          16  loramaccrypto.o(.bss)
    AesContext                               0x200003f8   Data         241  loramaccrypto.o(.bss)
    AesCmacCtx                               0x200004ec   Data         280  loramaccrypto.o(.bss)
    .bss                                     0x20000604   Section       24  board.o(.bss)
    .bss                                     0x2000061c   Section       64  gpio-board.o(.bss)
    GpioIrq                                  0x2000061c   Data          64  gpio-board.o(.bss)
    .bss                                     0x2000065c   Section       18  spi-board.o(.bss)
    .bss                                     0x20000670   Section       12  sx1272-board.o(.bss)
    .bss                                     0x2000067c   Section      548  sx1272.o(.bss)
    RxBuffer                                 0x2000067c   Data         256  sx1272.o(.bss)
    .bss                                     0x200008a0   Section       96  libspace.o(.bss)
    HEAP                                     0x20000900   Section      512  startup_stm32l1xx_mdp.o(HEAP)
    Heap_Mem                                 0x20000900   Data         512  startup_stm32l1xx_mdp.o(HEAP)
    STACK                                    0x20000b00   Section     1024  startup_stm32l1xx_mdp.o(STACK)
    Stack_Mem                                0x20000b00   Data        1024  startup_stm32l1xx_mdp.o(STACK)
    __initial_sp                             0x20000f00   Data           0  startup_stm32l1xx_mdp.o(STACK)

    Global Symbols

    Symbol Name                              Value     Ov Type        Size  Object(Section)

    BuildAttributes$$THM_ISAv4$P$D$K$B$S$PE$A:L22UL41UL21$X:L11$S22US41US21$IEEE1$IW$USESV6$~STKCKD$USESV7$~SHL$OTIME$ROPI$IEEEJ$EBA8$UX$STANDARDLIB$REQ8$PRES8$EABIv2 0x00000000   Number         0  anon$$obj.o ABSOLUTE
    __ARM_use_no_argv                        0x00000000   Number         0  main.o ABSOLUTE
    __ARM_exceptions_init                     - Undefined Weak Reference
    __alloca_initialize                       - Undefined Weak Reference
    __arm_preinit_                            - Undefined Weak Reference
    __cpp_initialize__aeabi_                  - Undefined Weak Reference
    __cxa_finalize                            - Undefined Weak Reference
    __rt_locale                               - Undefined Weak Reference
    __sigvec_lookup                           - Undefined Weak Reference
    _atexit_init                              - Undefined Weak Reference
    _call_atexit_fns                          - Undefined Weak Reference
    _clock_init                               - Undefined Weak Reference
    _fp_trap_init                             - Undefined Weak Reference
    _fp_trap_shutdown                         - Undefined Weak Reference
    _get_lc_collate                           - Undefined Weak Reference
    _get_lc_ctype                             - Undefined Weak Reference
    _get_lc_monetary                          - Undefined Weak Reference
    _get_lc_numeric                           - Undefined Weak Reference
    _get_lc_time                              - Undefined Weak Reference
    _getenv_init                              - Undefined Weak Reference
    _handle_redirection                       - Undefined Weak Reference
    _init_alloc                               - Undefined Weak Reference
    _init_user_alloc                          - Undefined Weak Reference
    _initio                                   - Undefined Weak Reference
    _mutex_acquire                            - Undefined Weak Reference
    _mutex_release                            - Undefined Weak Reference
    _printf_post_padding                      - Undefined Weak Reference
    _printf_pre_padding                       - Undefined Weak Reference
    _printf_truncate_signed                   - Undefined Weak Reference
    _printf_truncate_unsigned                 - Undefined Weak Reference
    _rand_init                                - Undefined Weak Reference
    _signal_finish                            - Undefined Weak Reference
    _signal_init                              - Undefined Weak Reference
    _terminate_alloc                          - Undefined Weak Reference
    _terminate_user_alloc                     - Undefined Weak Reference
    _terminateio                              - Undefined Weak Reference
    __Vectors_Size                           0x00000124   Number         0  startup_stm32l1xx_mdp.o ABSOLUTE
    __Vectors                                0x08000000   Data           4  startup_stm32l1xx_mdp.o(RESET)
    __Vectors_End                            0x08000124   Data           0  startup_stm32l1xx_mdp.o(RESET)
    __main                                   0x08000125   Thumb Code     8  __main.o(!!!main)
    __scatterload                            0x0800012d   Thumb Code     0  __scatter.o(!!!scatter)
    __scatterload_rt2                        0x0800012d   Thumb Code    44  __scatter.o(!!!scatter)
    __scatterload_rt2_thumb_only             0x0800012d   Thumb Code     0  __scatter.o(!!!scatter)
    __scatterload_null                       0x0800013b   Thumb Code     0  __scatter.o(!!!scatter)
    __decompress                             0x08000161   Thumb Code    90  __dczerorl2.o(!!dczerorl2)
    __decompress1                            0x08000161   Thumb Code     0  __dczerorl2.o(!!dczerorl2)
    __scatterload_zeroinit                   0x080001bd   Thumb Code    28  __scatter_zi.o(!!handler_zi)
    _printf_d                                0x080001d9   Thumb Code     0  _printf_d.o(.ARM.Collect$$_printf_percent$$00000009)
    _printf_percent                          0x080001d9   Thumb Code     0  _printf_percent.o(.ARM.Collect$$_printf_percent$$00000000)
    _printf_percent_end                      0x080001df   Thumb Code     0  _printf_percent_end.o(.ARM.Collect$$_printf_percent$$00000017)
    __rt_lib_init                            0x080001e3   Thumb Code     0  libinit.o(.ARM.Collect$$libinit$$00000000)
    __rt_lib_init_alloca_1                   0x080001e5   Thumb Code     0  libinit2.o(.ARM.Collect$$libinit$$0000002E)
    __rt_lib_init_argv_1                     0x080001e5   Thumb Code     0  libinit2.o(.ARM.Collect$$libinit$$0000002C)
    __rt_lib_init_atexit_1                   0x080001e5   Thumb Code     0  libinit2.o(.ARM.Collect$$libinit$$0000001B)
    __rt_lib_init_clock_1                    0x080001e5   Thumb Code     0  libinit2.o(.ARM.Collect$$libinit$$00000021)
    __rt_lib_init_cpp_1                      0x080001e5   Thumb Code     0  libinit2.o(.ARM.Collect$$libinit$$00000032)
    __rt_lib_init_exceptions_1               0x080001e5   Thumb Code     0  libinit2.o(.ARM.Collect$$libinit$$00000030)
    __rt_lib_init_fp_1                       0x080001e5   Thumb Code     0  libinit2.o(.ARM.Collect$$libinit$$00000002)
    __rt_lib_init_fp_trap_1                  0x080001e5   Thumb Code     0  libinit2.o(.ARM.Collect$$libinit$$0000001F)
    __rt_lib_init_getenv_1                   0x080001e5   Thumb Code     0  libinit2.o(.ARM.Collect$$libinit$$00000023)
    __rt_lib_init_heap_1                     0x080001e5   Thumb Code     0  libinit2.o(.ARM.Collect$$libinit$$0000000A)
    __rt_lib_init_lc_collate_1               0x080001e5   Thumb Code     0  libinit2.o(.ARM.Collect$$libinit$$00000011)
    __rt_lib_init_lc_ctype_1                 0x080001e5   Thumb Code     0  libinit2.o(.ARM.Collect$$libinit$$00000013)
    __rt_lib_init_lc_monetary_1              0x080001e5   Thumb Code     0  libinit2.o(.ARM.Collect$$libinit$$00000015)
    __rt_lib_init_lc_numeric_1               0x080001e5   Thumb Code     0  libinit2.o(.ARM.Collect$$libinit$$00000017)
    __rt_lib_init_lc_time_1                  0x080001e5   Thumb Code     0  libinit2.o(.ARM.Collect$$libinit$$00000019)
    __rt_lib_init_preinit_1                  0x080001e5   Thumb Code     0  libinit2.o(.ARM.Collect$$libinit$$00000004)
    __rt_lib_init_rand_1                     0x080001e5   Thumb Code     0  libinit2.o(.ARM.Collect$$libinit$$0000000E)
    __rt_lib_init_return                     0x080001e5   Thumb Code     0  libinit2.o(.ARM.Collect$$libinit$$00000033)
    __rt_lib_init_signal_1                   0x080001e5   Thumb Code     0  libinit2.o(.ARM.Collect$$libinit$$0000001D)
    __rt_lib_init_stdio_1                    0x080001e5   Thumb Code     0  libinit2.o(.ARM.Collect$$libinit$$00000025)
    __rt_lib_init_user_alloc_1               0x080001e5   Thumb Code     0  libinit2.o(.ARM.Collect$$libinit$$0000000C)
    __rt_lib_shutdown                        0x080001e7   Thumb Code     0  libshutdown.o(.ARM.Collect$$libshutdown$$00000000)
    __rt_lib_shutdown_fp_trap_1              0x080001e9   Thumb Code     0  libshutdown2.o(.ARM.Collect$$libshutdown$$00000006)
    __rt_lib_shutdown_heap_1                 0x080001e9   Thumb Code     0  libshutdown2.o(.ARM.Collect$$libshutdown$$0000000E)
    __rt_lib_shutdown_return                 0x080001e9   Thumb Code     0  libshutdown2.o(.ARM.Collect$$libshutdown$$0000000F)
    __rt_lib_shutdown_signal_1               0x080001e9   Thumb Code     0  libshutdown2.o(.ARM.Collect$$libshutdown$$00000009)
    __rt_lib_shutdown_stdio_1                0x080001e9   Thumb Code     0  libshutdown2.o(.ARM.Collect$$libshutdown$$00000003)
    __rt_lib_shutdown_user_alloc_1           0x080001e9   Thumb Code     0  libshutdown2.o(.ARM.Collect$$libshutdown$$0000000B)
    __rt_entry                               0x080001eb   Thumb Code     0  __rtentry.o(.ARM.Collect$$rtentry$$00000000)
    __rt_entry_presh_1                       0x080001eb   Thumb Code     0  __rtentry2.o(.ARM.Collect$$rtentry$$00000002)
    __rt_entry_sh                            0x080001eb   Thumb Code     0  __rtentry4.o(.ARM.Collect$$rtentry$$00000004)
    __rt_entry_li                            0x080001f1   Thumb Code     0  __rtentry2.o(.ARM.Collect$$rtentry$$0000000A)
    __rt_entry_postsh_1                      0x080001f1   Thumb Code     0  __rtentry2.o(.ARM.Collect$$rtentry$$00000009)
    __rt_entry_main                          0x080001f5   Thumb Code     0  __rtentry2.o(.ARM.Collect$$rtentry$$0000000D)
    __rt_entry_postli_1                      0x080001f5   Thumb Code     0  __rtentry2.o(.ARM.Collect$$rtentry$$0000000C)
    __rt_exit                                0x080001fd   Thumb Code     0  rtexit.o(.ARM.Collect$$rtexit$$00000000)
    __rt_exit_ls                             0x080001ff   Thumb Code     0  rtexit2.o(.ARM.Collect$$rtexit$$00000003)
    __rt_exit_prels_1                        0x080001ff   Thumb Code     0  rtexit2.o(.ARM.Collect$$rtexit$$00000002)
    __rt_exit_exit                           0x08000203   Thumb Code     0  rtexit2.o(.ARM.Collect$$rtexit$$00000004)
    Reset_Handler                            0x08000209   Thumb Code     8  startup_stm32l1xx_mdp.o(.text)
    NMI_Handler                              0x08000211   Thumb Code     2  startup_stm32l1xx_mdp.o(.text)
    HardFault_Handler                        0x08000213   Thumb Code     2  startup_stm32l1xx_mdp.o(.text)
    MemManage_Handler                        0x08000215   Thumb Code     2  startup_stm32l1xx_mdp.o(.text)
    BusFault_Handler                         0x08000217   Thumb Code     2  startup_stm32l1xx_mdp.o(.text)
    UsageFault_Handler                       0x08000219   Thumb Code     2  startup_stm32l1xx_mdp.o(.text)
    SVC_Handler                              0x0800021b   Thumb Code     2  startup_stm32l1xx_mdp.o(.text)
    DebugMon_Handler                         0x0800021d   Thumb Code     2  startup_stm32l1xx_mdp.o(.text)
    PendSV_Handler                           0x0800021f   Thumb Code     2  startup_stm32l1xx_mdp.o(.text)
    SysTick_Handler                          0x08000221   Thumb Code     2  startup_stm32l1xx_mdp.o(.text)
    ADC1_IRQHandler                          0x08000223   Thumb Code     0  startup_stm32l1xx_mdp.o(.text)
    AES_IRQHandler                           0x08000223   Thumb Code     0  startup_stm32l1xx_mdp.o(.text)
    COMP_ACQ_IRQHandler                      0x08000223   Thumb Code     0  startup_stm32l1xx_mdp.o(.text)
    COMP_IRQHandler                          0x08000223   Thumb Code     0  startup_stm32l1xx_mdp.o(.text)
    DAC_IRQHandler                           0x08000223   Thumb Code     0  startup_stm32l1xx_mdp.o(.text)
    DMA1_Channel1_IRQHandler                 0x08000223   Thumb Code     0  startup_stm32l1xx_mdp.o(.text)
    DMA1_Channel2_IRQHandler                 0x08000223   Thumb Code     0  startup_stm32l1xx_mdp.o(.text)
    DMA1_Channel3_IRQHandler                 0x08000223   Thumb Code     0  startup_stm32l1xx_mdp.o(.text)
    DMA1_Channel4_IRQHandler                 0x08000223   Thumb Code     0  startup_stm32l1xx_mdp.o(.text)
    DMA1_Channel5_IRQHandler                 0x08000223   Thumb Code     0  startup_stm32l1xx_mdp.o(.text)
    DMA1_Channel6_IRQHandler                 0x08000223   Thumb Code     0  startup_stm32l1xx_mdp.o(.text)
    DMA1_Channel7_IRQHandler                 0x08000223   Thumb Code     0  startup_stm32l1xx_mdp.o(.text)
    DMA2_Channel1_IRQHandler                 0x08000223   Thumb Code     0  startup_stm32l1xx_mdp.o(.text)
    DMA2_Channel2_IRQHandler                 0x08000223   Thumb Code     0  startup_stm32l1xx_mdp.o(.text)
    DMA2_Channel3_IRQHandler                 0x08000223   Thumb Code     0  startup_stm32l1xx_mdp.o(.text)
    DMA2_Channel4_IRQHandler                 0x08000223   Thumb Code     0  startup_stm32l1xx_mdp.o(.text)
    DMA2_Channel5_IRQHandler                 0x08000223   Thumb Code     0  startup_stm32l1xx_mdp.o(.text)
    FLASH_IRQHandler                         0x08000223   Thumb Code     0  startup_stm32l1xx_mdp.o(.text)
    I2C1_ER_IRQHandler                       0x08000223   Thumb Code     0  startup_stm32l1xx_mdp.o(.text)
    I2C1_EV_IRQHandler                       0x08000223   Thumb Code     0  startup_stm32l1xx_mdp.o(.text)
    I2C2_ER_IRQHandler                       0x08000223   Thumb Code     0  startup_stm32l1xx_mdp.o(.text)
    I2C2_EV_IRQHandler                       0x08000223   Thumb Code     0  startup_stm32l1xx_mdp.o(.text)
    LCD_IRQHandler                           0x08000223   Thumb Code     0  startup_stm32l1xx_mdp.o(.text)
    PVD_IRQHandler                           0x08000223   Thumb Code     0  startup_stm32l1xx_mdp.o(.text)
    RCC_IRQHandler                           0x08000223   Thumb Code     0  startup_stm32l1xx_mdp.o(.text)
    RTC_WKUP_IRQHandler                      0x08000223   Thumb Code     0  startup_stm32l1xx_mdp.o(.text)
    SPI1_IRQHandler                          0x08000223   Thumb Code     0  startup_stm32l1xx_mdp.o(.text)
    SPI2_IRQHandler                          0x08000223   Thumb Code     0  startup_stm32l1xx_mdp.o(.text)
    SPI3_IRQHandler                          0x08000223   Thumb Code     0  startup_stm32l1xx_mdp.o(.text)
    TAMPER_STAMP_IRQHandler                  0x08000223   Thumb Code     0  startup_stm32l1xx_mdp.o(.text)
    TIM10_IRQHandler                         0x08000223   Thumb Code     0  startup_stm32l1xx_mdp.o(.text)
    TIM11_IRQHandler                         0x08000223   Thumb Code     0  startup_stm32l1xx_mdp.o(.text)
    TIM4_IRQHandler                          0x08000223   Thumb Code     0  startup_stm32l1xx_mdp.o(.text)
    TIM5_IRQHandler                          0x08000223   Thumb Code     0  startup_stm32l1xx_mdp.o(.text)
    TIM6_IRQHandler                          0x08000223   Thumb Code     0  startup_stm32l1xx_mdp.o(.text)
    TIM7_IRQHandler                          0x08000223   Thumb Code     0  startup_stm32l1xx_mdp.o(.text)
    TIM9_IRQHandler                          0x08000223   Thumb Code     0  startup_stm32l1xx_mdp.o(.text)
    USART1_IRQHandler                        0x08000223   Thumb Code     0  startup_stm32l1xx_mdp.o(.text)
    USART2_IRQHandler                        0x08000223   Thumb Code     0  startup_stm32l1xx_mdp.o(.text)
    USART3_IRQHandler                        0x08000223   Thumb Code     0  startup_stm32l1xx_mdp.o(.text)
    USB_FS_WKUP_IRQHandler                   0x08000223   Thumb Code     0  startup_stm32l1xx_mdp.o(.text)
    USB_HP_IRQHandler                        0x08000223   Thumb Code     0  startup_stm32l1xx_mdp.o(.text)
    USB_LP_IRQHandler                        0x08000223   Thumb Code     0  startup_stm32l1xx_mdp.o(.text)
    WWDG_IRQHandler                          0x08000223   Thumb Code     0  startup_stm32l1xx_mdp.o(.text)
    __user_initial_stackheap                 0x08000225   Thumb Code     0  startup_stm32l1xx_mdp.o(.text)
    __2printf                                0x08000249   Thumb Code    20  noretval__2printf.o(.text)
    __printf                                 0x08000261   Thumb Code   104  __printf.o(.text)
    _printf_int_dec                          0x080002c9   Thumb Code   104  _printf_dec.o(.text)
    __aeabi_memclr4                          0x08000341   Thumb Code     0  rt_memclr_w.o(.text)
    __aeabi_memclr8                          0x08000341   Thumb Code     0  rt_memclr_w.o(.text)
    __rt_memclr_w                            0x08000341   Thumb Code    78  rt_memclr_w.o(.text)
    _memset_w                                0x08000345   Thumb Code     0  rt_memclr_w.o(.text)
    __use_two_region_memory                  0x0800038f   Thumb Code     2  heapauxi.o(.text)
    __rt_heap_escrow$2region                 0x08000391   Thumb Code     2  heapauxi.o(.text)
    __rt_heap_expand$2region                 0x08000393   Thumb Code     2  heapauxi.o(.text)
    _printf_int_common                       0x08000395   Thumb Code   178  _printf_intcommon.o(.text)
    _printf_char_file                        0x08000449   Thumb Code    32  _printf_char_file.o(.text)
    _printf_char_common                      0x08000477   Thumb Code    32  _printf_char_common.o(.text)
    ferror                                   0x0800049d   Thumb Code     8  ferror.o(.text)
    __user_setup_stackheap                   0x080004a5   Thumb Code    74  sys_stackheap_outer.o(.text)
    exit                                     0x080004ef   Thumb Code    12  exit.o(.text)
    __user_libspace                          0x080004fd   Thumb Code     8  libspace.o(.text)
    __user_perproc_libspace                  0x080004fd   Thumb Code     0  libspace.o(.text)
    __user_perthread_libspace                0x080004fd   Thumb Code     0  libspace.o(.text)
    _sys_exit                                0x08000505   Thumb Code     8  sys_exit.o(.text)
    __I$use$semihosting                      0x08000511   Thumb Code     0  use_no_semi.o(.text)
    __use_no_semihosting_swi                 0x08000511   Thumb Code     2  use_no_semi.o(.text)
    AES_CMAC_Final                           0x08000513   Thumb Code   442  cmac.o(i.AES_CMAC_Final)
    __semihosting_library_function           0x08000513   Thumb Code     0  indicate_semi.o(.text)
    AES_CMAC_Init                            0x080006cd   Thumb Code    34  cmac.o(i.AES_CMAC_Init)
    AES_CMAC_SetKey                          0x080006ef   Thumb Code    18  cmac.o(i.AES_CMAC_SetKey)
    AES_CMAC_Update                          0x08000701   Thumb Code   232  cmac.o(i.AES_CMAC_Update)
    BoardGetUniqueId                         0x08000895   Thumb Code    98  board.o(i.BoardGetUniqueId)
    BoardInitMcu                             0x080008fd   Thumb Code    94  board.o(i.BoardInitMcu)
    BoardInitPeriph                          0x08000969   Thumb Code    56  board.o(i.BoardInitPeriph)
    BoardMeasureBatterieLevel                0x080009a9   Thumb Code     4  board.o(i.BoardMeasureBatterieLevel)
    DelayMs                                  0x080009ad   Thumb Code    26  delay.o(i.DelayMs)
    EXTI0_IRQHandler                         0x080009c9   Thumb Code    40  gpio-board.o(i.EXTI0_IRQHandler)
    EXTI15_10_IRQHandler                     0x080009f5   Thumb Code   194  gpio-board.o(i.EXTI15_10_IRQHandler)
    EXTI1_IRQHandler                         0x08000abd   Thumb Code    40  gpio-board.o(i.EXTI1_IRQHandler)
    EXTI2_IRQHandler                         0x08000ae9   Thumb Code    40  gpio-board.o(i.EXTI2_IRQHandler)
    EXTI3_IRQHandler                         0x08000b15   Thumb Code    40  gpio-board.o(i.EXTI3_IRQHandler)
    EXTI4_IRQHandler                         0x08000b41   Thumb Code    40  gpio-board.o(i.EXTI4_IRQHandler)
    EXTI9_5_IRQHandler                       0x08000b6d   Thumb Code   152  gpio-board.o(i.EXTI9_5_IRQHandler)
    EXTI_ClearITPendingBit                   0x08000c09   Thumb Code     6  stm32l1xx_exti.o(i.EXTI_ClearITPendingBit)
    EXTI_GetITStatus                         0x08000c15   Thumb Code    20  stm32l1xx_exti.o(i.EXTI_GetITStatus)
    EXTI_Init                                0x08000c2d   Thumb Code   142  stm32l1xx_exti.o(i.EXTI_Init)
    GPIO_Init                                0x08000cc1   Thumb Code   132  stm32l1xx_gpio.o(i.GPIO_Init)
    GPIO_PinAFConfig                         0x08000d45   Thumb Code    70  stm32l1xx_gpio.o(i.GPIO_PinAFConfig)
    GPIO_ResetBits                           0x08000d8b   Thumb Code     4  stm32l1xx_gpio.o(i.GPIO_ResetBits)
    GPIO_SetBits                             0x08000d8f   Thumb Code     4  stm32l1xx_gpio.o(i.GPIO_SetBits)
    GpioInit                                 0x08000dcd   Thumb Code    44  gpio.o(i.GpioInit)
    GpioMcuInit                              0x08000df9   Thumb Code   146  gpio-board.o(i.GpioMcuInit)
    GpioMcuSetInterrupt                      0x08000e95   Thumb Code   286  gpio-board.o(i.GpioMcuSetInterrupt)
    GpioMcuWrite                             0x08000fb9   Thumb Code    50  gpio-board.o(i.GpioMcuWrite)
    GpioSetInterrupt                         0x08000feb   Thumb Code    40  gpio.o(i.GpioSetInterrupt)
    GpioWrite                                0x08001015   Thumb Code    42  gpio.o(i.GpioWrite)
    LoRaMacComputeMic                        0x08001059   Thumb Code   136  loramaccrypto.o(i.LoRaMacComputeMic)
    LoRaMacInit                              0x080010ed   Thumb Code   300  loramac.o(i.LoRaMacInit)
    LoRaMacInitNwkIds                        0x080012d9   Thumb Code    50  loramac.o(i.LoRaMacInitNwkIds)
    LoRaMacJoinComputeMic                    0x08001321   Thumb Code    78  loramaccrypto.o(i.LoRaMacJoinComputeMic)
    LoRaMacJoinComputeSKeys                  0x08001379   Thumb Code   144  loramaccrypto.o(i.LoRaMacJoinComputeSKeys)
    LoRaMacJoinDecrypt                       0x0800140d   Thumb Code    64  loramaccrypto.o(i.LoRaMacJoinDecrypt)
    LoRaMacPayloadDecrypt                    0x0800147d   Thumb Code    40  loramaccrypto.o(i.LoRaMacPayloadDecrypt)
    LoRaMacPayloadEncrypt                    0x080014a5   Thumb Code   210  loramaccrypto.o(i.LoRaMacPayloadEncrypt)
    LoRaMacPrepareFrame                      0x08001585   Thumb Code   960  loramac.o(i.LoRaMacPrepareFrame)
    LoRaMacRxWindowSetup                     0x08001da1   Thumb Code   168  loramac.o(i.LoRaMacRxWindowSetup)
    LoRaMacSend                              0x08001e5d   Thumb Code   154  loramac.o(i.LoRaMacSend)
    LoRaMacSendFrame                         0x08001f5d   Thumb Code    64  loramac.o(i.LoRaMacSendFrame)
    LoRaMacSendFrameOnChannel                0x08001fed   Thumb Code   542  loramac.o(i.LoRaMacSendFrameOnChannel)
    LoRaMacSendOnChannel                     0x0800228d   Thumb Code   100  loramac.o(i.LoRaMacSendOnChannel)
    LoRaMacSetAdrOn                          0x0800232d   Thumb Code     6  loramac.o(i.LoRaMacSetAdrOn)
    LoRaMacSetChannel                        0x08002339   Thumb Code   436  loramac.o(i.LoRaMacSetChannel)
    LoRaMacSetPublicNetwork                  0x0800279d   Thumb Code    48  loramac.o(i.LoRaMacSetPublicNetwork)
    NVIC_Init                                0x080027d5   Thumb Code   106  misc.o(i.NVIC_Init)
    NVIC_PriorityGroupConfig                 0x0800284d   Thumb Code    10  misc.o(i.NVIC_PriorityGroupConfig)
    PWR_PVDCmd                               0x08003459   Thumb Code     6  stm32l1xx_pwr.o(i.PWR_PVDCmd)
    PWR_RTCAccessCmd                         0x08003465   Thumb Code     6  stm32l1xx_pwr.o(i.PWR_RTCAccessCmd)
    PWR_UltraLowPowerCmd                     0x08003471   Thumb Code     6  stm32l1xx_pwr.o(i.PWR_UltraLowPowerCmd)
    RCC_AHBPeriphClockCmd                    0x08003559   Thumb Code    26  stm32l1xx_rcc.o(i.RCC_AHBPeriphClockCmd)
    RCC_APB1PeriphClockCmd                   0x08003579   Thumb Code    26  stm32l1xx_rcc.o(i.RCC_APB1PeriphClockCmd)
    RCC_APB2PeriphClockCmd                   0x08003599   Thumb Code    26  stm32l1xx_rcc.o(i.RCC_APB2PeriphClockCmd)
    RCC_GetFlagStatus                        0x080035b9   Thumb Code    48  stm32l1xx_rcc.o(i.RCC_GetFlagStatus)
    RCC_GetSYSCLKSource                      0x080035ed   Thumb Code    10  stm32l1xx_rcc.o(i.RCC_GetSYSCLKSource)
    RCC_HSEConfig                            0x080035fd   Thumb Code    12  stm32l1xx_rcc.o(i.RCC_HSEConfig)
    RCC_LSEConfig                            0x0800360d   Thumb Code    12  stm32l1xx_rcc.o(i.RCC_LSEConfig)
    RCC_PLLCmd                               0x0800361d   Thumb Code     6  stm32l1xx_rcc.o(i.RCC_PLLCmd)
    RCC_RTCCLKCmd                            0x08003629   Thumb Code     6  stm32l1xx_rcc.o(i.RCC_RTCCLKCmd)
    RCC_RTCCLKConfig                         0x08003635   Thumb Code    64  stm32l1xx_rcc.o(i.RCC_RTCCLKConfig)
    RCC_RTCResetCmd                          0x08003679   Thumb Code     6  stm32l1xx_rcc.o(i.RCC_RTCResetCmd)
    RCC_SYSCLKConfig                         0x08003685   Thumb Code    18  stm32l1xx_rcc.o(i.RCC_SYSCLKConfig)
    RTC_AlarmCmd                             0x0800369d   Thumb Code   112  stm32l1xx_rtc.o(i.RTC_AlarmCmd)
    RTC_Alarm_IRQHandler                     0x08003711   Thumb Code    38  rtc-board.o(i.RTC_Alarm_IRQHandler)
    RTC_ClearFlag                            0x08003769   Thumb Code    26  stm32l1xx_rtc.o(i.RTC_ClearFlag)
    RTC_ClearITPendingBit                    0x08003789   Thumb Code    28  stm32l1xx_rtc.o(i.RTC_ClearITPendingBit)
    RTC_DateStructInit                       0x080037a9   Thumb Code    14  stm32l1xx_rtc.o(i.RTC_DateStructInit)
    RTC_EnterInitMode                        0x080037b9   Thumb Code    76  stm32l1xx_rtc.o(i.RTC_EnterInitMode)
    RTC_ExitInitMode                         0x08003809   Thumb Code    14  stm32l1xx_rtc.o(i.RTC_ExitInitMode)
    RTC_GetDate                              0x0800381d   Thumb Code    68  stm32l1xx_rtc.o(i.RTC_GetDate)
    RTC_GetITStatus                          0x08003869   Thumb Code    64  stm32l1xx_rtc.o(i.RTC_GetITStatus)
    RTC_GetTime                              0x080038ad   Thumb Code    72  stm32l1xx_rtc.o(i.RTC_GetTime)
    RTC_ITConfig                             0x080038fd   Thumb Code    94  stm32l1xx_rtc.o(i.RTC_ITConfig)
    RTC_Init                                 0x08003961   Thumb Code    94  stm32l1xx_rtc.o(i.RTC_Init)
    RTC_SetAlarm                             0x080039c5   Thumb Code   230  stm32l1xx_rtc.o(i.RTC_SetAlarm)
    RTC_SetDate                              0x08003ab1   Thumb Code   190  stm32l1xx_rtc.o(i.RTC_SetDate)
    RTC_SetTime                              0x08003b79   Thumb Code   198  stm32l1xx_rtc.o(i.RTC_SetTime)
    RTC_TimeStructInit                       0x08003c49   Thumb Code    12  stm32l1xx_rtc.o(i.RTC_TimeStructInit)
    RTC_WaitForSynchro                       0x08003c55   Thumb Code    92  stm32l1xx_rtc.o(i.RTC_WaitForSynchro)
    RtcDelayMs                               0x08003cd5   Thumb Code    52  rtc-board.o(i.RtcDelayMs)
    RtcGetMinimumTimeout                     0x08003e45   Thumb Code    18  rtc-board.o(i.RtcGetMinimumTimeout)
    RtcGetTimerElapsedTime                   0x08003e61   Thumb Code    72  rtc-board.o(i.RtcGetTimerElapsedTime)
    RtcGetTimerValue                         0x08003eb5   Thumb Code    52  rtc-board.o(i.RtcGetTimerValue)
    RtcInit                                  0x08003ef1   Thumb Code    24  rtc-board.o(i.RtcInit)
    RtcRecoverMcuStatus                      0x08003f0d   Thumb Code    96  rtc-board.o(i.RtcRecoverMcuStatus)
    RtcSetTimeout                            0x08004059   Thumb Code    82  rtc-board.o(i.RtcSetTimeout)
    SPI_Cmd                                  0x080042f5   Thumb Code    24  stm32l1xx_spi.o(i.SPI_Cmd)
    SPI_I2S_GetFlagStatus                    0x0800430d   Thumb Code    18  stm32l1xx_spi.o(i.SPI_I2S_GetFlagStatus)
    SPI_I2S_ReceiveData                      0x0800431f   Thumb Code     6  stm32l1xx_spi.o(i.SPI_I2S_ReceiveData)
    SPI_I2S_SendData                         0x08004325   Thumb Code     4  stm32l1xx_spi.o(i.SPI_I2S_SendData)
    SPI_Init                                 0x08004329   Thumb Code    60  stm32l1xx_spi.o(i.SPI_Init)
    SX1272AntSwDeInit                        0x08004365   Thumb Code    22  sx1272-board.o(i.SX1272AntSwDeInit)
    SX1272AntSwInit                          0x08004381   Thumb Code    22  sx1272-board.o(i.SX1272AntSwInit)
    SX1272CheckRfFrequency                   0x0800439d   Thumb Code     6  sx1272-board.o(i.SX1272CheckRfFrequency)
    SX1272GetPaSelect                        0x080043a3   Thumb Code     6  sx1272-board.o(i.SX1272GetPaSelect)
    SX1272GetStatus                          0x080043a9   Thumb Code     8  sx1272.o(i.SX1272GetStatus)
    SX1272GetTimeOnAir                       0x080043b5   Thumb Code   628  sx1272.o(i.SX1272GetTimeOnAir)
    SX1272Init                               0x08004651   Thumb Code   110  sx1272.o(i.SX1272Init)
    SX1272IoInit                             0x080046e1   Thumb Code   152  sx1272-board.o(i.SX1272IoInit)
    SX1272IoIrqInit                          0x0800477d   Thumb Code    88  sx1272-board.o(i.SX1272IoIrqInit)
    SX1272IsChannelFree                      0x080047d9   Thumb Code    62  sx1272.o(i.SX1272IsChannelFree)
    SX1272OnDio0Irq                          0x08004819   Thumb Code   788  sx1272.o(i.SX1272OnDio0Irq)
    SX1272OnDio1Irq                          0x08004b45   Thumb Code   398  sx1272.o(i.SX1272OnDio1Irq)
    SX1272OnDio2Irq                          0x08004ce5   Thumb Code   310  sx1272.o(i.SX1272OnDio2Irq)
    SX1272OnDio3Irq                          0x08004e2d   Thumb Code   104  sx1272.o(i.SX1272OnDio3Irq)
    SX1272OnDio4Irq                          0x08004e9d   Thumb Code    40  sx1272.o(i.SX1272OnDio4Irq)
    SX1272OnTimeoutIrq                       0x08004ec9   Thumb Code   168  sx1272.o(i.SX1272OnTimeoutIrq)
    SX1272Random                             0x08004f7d   Thumb Code    64  sx1272.o(i.SX1272Random)
    SX1272Read                               0x08004fbd   Thumb Code    20  sx1272.o(i.SX1272Read)
    SX1272ReadBuffer                         0x08004fd1   Thumb Code    66  sx1272.o(i.SX1272ReadBuffer)
    SX1272ReadFifo                           0x08005019   Thumb Code    18  sx1272.o(i.SX1272ReadFifo)
    SX1272ReadRssi                           0x0800502b   Thumb Code    50  sx1272.o(i.SX1272ReadRssi)
    SX1272Reset                              0x0800505d   Thumb Code    56  sx1272.o(i.SX1272Reset)
    SX1272Send                               0x08005099   Thumb Code   272  sx1272.o(i.SX1272Send)
    SX1272SetAntSw                           0x080051ad   Thumb Code    46  sx1272-board.o(i.SX1272SetAntSw)
    SX1272SetAntSwLowPower                   0x080051e5   Thumb Code    30  sx1272-board.o(i.SX1272SetAntSwLowPower)
    SX1272SetChannel                         0x08005209   Thumb Code    68  sx1272.o(i.SX1272SetChannel)
    SX1272SetModem                           0x08005255   Thumb Code   138  sx1272.o(i.SX1272SetModem)
    SX1272SetOpMode                          0x080052e5   Thumb Code    74  sx1272.o(i.SX1272SetOpMode)
    SX1272SetRx                              0x08005335   Thumb Code   482  sx1272.o(i.SX1272SetRx)
    SX1272SetRxConfig                        0x08005535   Thumb Code   550  sx1272.o(i.SX1272SetRxConfig)
    SX1272SetSleep                           0x08005765   Thumb Code    30  sx1272.o(i.SX1272SetSleep)
    SX1272SetStby                            0x08005791   Thumb Code    30  sx1272.o(i.SX1272SetStby)
    SX1272SetTx                              0x080057bd   Thumb Code   178  sx1272.o(i.SX1272SetTx)
    SX1272SetTxConfig                        0x08005879   Thumb Code   732  sx1272.o(i.SX1272SetTxConfig)
    SX1272StartCad                           0x08005b61   Thumb Code    66  sx1272.o(i.SX1272StartCad)
    SX1272Write                              0x08005ba9   Thumb Code    16  sx1272.o(i.SX1272Write)
    SX1272WriteBuffer                        0x08005bb9   Thumb Code    64  sx1272.o(i.SX1272WriteBuffer)
    SX1272WriteFifo                          0x08005bfd   Thumb Code    18  sx1272.o(i.SX1272WriteFifo)
    SYSCFG_EXTILineConfig                    0x08005c11   Thumb Code    60  stm32l1xx_syscfg.o(i.SYSCFG_EXTILineConfig)
    SpiFormat                                0x08005df1   Thumb Code   156  spi-board.o(i.SpiFormat)
    SpiFrequency                             0x08005e91   Thumb Code   112  spi-board.o(i.SpiFrequency)
    SpiInOut                                 0x08005f09   Thumb Code    60  spi-board.o(i.SpiInOut)
    SpiInit                                  0x08005f45   Thumb Code   240  spi-board.o(i.SpiInit)
    SystemCoreClockUpdate                    0x08006041   Thumb Code   212  system_stm32l1xx.o(i.SystemCoreClockUpdate)
    SystemInit                               0x0800615d   Thumb Code    92  system_stm32l1xx.o(i.SystemInit)
    TIM2_IRQHandler                          0x080061c9   Thumb Code    50  timer-board.o(i.TIM2_IRQHandler)
    TIM3_IRQHandler                          0x08006205   Thumb Code    26  timer-board.o(i.TIM3_IRQHandler)
    TIM_ClearITPendingBit                    0x08006225   Thumb Code     6  stm32l1xx_tim.o(i.TIM_ClearITPendingBit)
    TIM_Cmd                                  0x0800622b   Thumb Code    24  stm32l1xx_tim.o(i.TIM_Cmd)
    TIM_GetITStatus                          0x08006243   Thumb Code    34  stm32l1xx_tim.o(i.TIM_GetITStatus)
    TIM_ITConfig                             0x08006265   Thumb Code    18  stm32l1xx_tim.o(i.TIM_ITConfig)
    TIM_TimeBaseInit                         0x08006279   Thumb Code    76  stm32l1xx_tim.o(i.TIM_TimeBaseInit)
    TimerGetCurrentTime                      0x080062f9   Thumb Code    22  timer.o(i.TimerGetCurrentTime)
    TimerGetLowPowerEnable                   0x08006315   Thumb Code     6  timer.o(i.TimerGetLowPowerEnable)
    TimerGetValue                            0x08006321   Thumb Code    22  timer.o(i.TimerGetValue)
    TimerHwDelayMs                           0x0800633d   Thumb Code    62  timer-board.o(i.TimerHwDelayMs)
    TimerHwGetDelayValue                     0x08006385   Thumb Code    12  timer-board.o(i.TimerHwGetDelayValue)
    TimerHwGetElapsedTime                    0x08006395   Thumb Code    42  timer-board.o(i.TimerHwGetElapsedTime)
    TimerHwGetMinimumTimeout                 0x080063c5   Thumb Code    18  timer-board.o(i.TimerHwGetMinimumTimeout)
    TimerHwGetTime                           0x080063dd   Thumb Code    26  timer-board.o(i.TimerHwGetTime)
    TimerHwGetTimerValue                     0x080063f9   Thumb Code    18  timer-board.o(i.TimerHwGetTimerValue)
    TimerHwInit                              0x08006411   Thumb Code   196  timer-board.o(i.TimerHwInit)
    TimerHwStart                             0x080064dd   Thumb Code    62  timer-board.o(i.TimerHwStart)
    TimerIncrementDelayCounter               0x08006525   Thumb Code    16  timer-board.o(i.TimerIncrementDelayCounter)
    TimerIncrementTickCounter                0x08006539   Thumb Code    24  timer-board.o(i.TimerIncrementTickCounter)
    TimerInit                                0x08006555   Thumb Code    14  timer.o(i.TimerInit)
    TimerIrqHandler                          0x080065fd   Thumb Code   154  timer.o(i.TimerIrqHandler)
    TimerSetLowPowerEnable                   0x080066a1   Thumb Code     6  timer.o(i.TimerSetLowPowerEnable)
    TimerSetValue                            0x080066d9   Thumb Code    48  timer.o(i.TimerSetValue)
    TimerStart                               0x0800670d   Thumb Code   126  timer.o(i.TimerStart)
    TimerStop                                0x08006791   Thumb Code   224  timer.o(i.TimerStop)
    aes_encrypt                              0x08006885   Thumb Code    90  aes.o(i.aes_encrypt)
    aes_set_key                              0x080068e1   Thumb Code   312  aes.o(i.aes_set_key)
    ceil                                     0x08006a1d   Thumb Code   204  ceil.o(i.ceil)
    floor                                    0x08006b49   Thumb Code   204  floor.o(i.floor)
    fputc                                    0x08006c25   Thumb Code    50  utilities.o(i.fputc)
    main                                     0x08006c5d   Thumb Code   240  main.o(i.main)
    memcpy1                                  0x08006dc1   Thumb Code    24  utilities.o(i.memcpy1)
    memset1                                  0x08006dd9   Thumb Code    20  utilities.o(i.memset1)
    rand                                     0x08007071   Thumb Code    32  utilities.o(i.rand)
    randr                                    0x08007099   Thumb Code    26  utilities.o(i.randr)
    round                                    0x080070b5   Thumb Code   136  round.o(i.round)
    srand                                    0x080071b9   Thumb Code     6  utilities.o(i.srand)
    __aeabi_dadd                             0x080071e9   Thumb Code     0  daddsub_clz.o(x$fpl$dadd)
    _dadd                                    0x080071e9   Thumb Code   332  daddsub_clz.o(x$fpl$dadd)
    __fpl_dcmp_Inf                           0x08007339   Thumb Code    24  dcmpi.o(x$fpl$dcmpinf)
    __aeabi_ddiv                             0x08007351   Thumb Code     0  ddiv.o(x$fpl$ddiv)
    _ddiv                                    0x08007351   Thumb Code   552  ddiv.o(x$fpl$ddiv)
    __aeabi_d2iz                             0x08007601   Thumb Code     0  dfix.o(x$fpl$dfix)
    _dfix                                    0x08007601   Thumb Code    94  dfix.o(x$fpl$dfix)
    __aeabi_d2uiz                            0x08007661   Thumb Code     0  dfixu.o(x$fpl$dfixu)
    _dfixu                                   0x08007661   Thumb Code    90  dfixu.o(x$fpl$dfixu)
    __aeabi_i2d                              0x080076bb   Thumb Code     0  dflt_clz.o(x$fpl$dflt)
    _dflt                                    0x080076bb   Thumb Code    46  dflt_clz.o(x$fpl$dflt)
    __aeabi_ui2d                             0x080076e9   Thumb Code     0  dflt_clz.o(x$fpl$dfltu)
    _dfltu                                   0x080076e9   Thumb Code    38  dflt_clz.o(x$fpl$dfltu)
    __aeabi_ul2d                             0x08007711   Thumb Code     0  dfltll_clz.o(x$fpl$dfltull)
    _ll_uto_d                                0x08007711   Thumb Code   138  dfltll_clz.o(x$fpl$dfltull)
    __aeabi_cdcmple                          0x0800779d   Thumb Code     0  dleqf.o(x$fpl$dleqf)
    _dcmple                                  0x0800779d   Thumb Code   120  dleqf.o(x$fpl$dleqf)
    __fpl_dcmple_InfNaN                      0x080077ff   Thumb Code     0  dleqf.o(x$fpl$dleqf)
    __aeabi_dmul                             0x08007815   Thumb Code     0  dmul.o(x$fpl$dmul)
    _dmul                                    0x08007815   Thumb Code   332  dmul.o(x$fpl$dmul)
    __fpl_dnaninf                            0x08007969   Thumb Code   156  dnaninf.o(x$fpl$dnaninf)
    __fpl_dretinf                            0x08007a05   Thumb Code    12  dretinf.o(x$fpl$dretinf)
    __aeabi_cdrcmple                         0x08007a11   Thumb Code     0  drleqf.o(x$fpl$drleqf)
    _drcmple                                 0x08007a11   Thumb Code   108  drleqf.o(x$fpl$drleqf)
    _drnd                                    0x08007a7d   Thumb Code   180  drnd.o(x$fpl$drnd)
    __aeabi_drsub                            0x08007b31   Thumb Code     0  daddsub_clz.o(x$fpl$drsb)
    _drsb                                    0x08007b31   Thumb Code    22  daddsub_clz.o(x$fpl$drsb)
    __aeabi_dsub                             0x08007b49   Thumb Code     0  daddsub_clz.o(x$fpl$dsub)
    _dsub                                    0x08007b49   Thumb Code   464  daddsub_clz.o(x$fpl$dsub)
    __aeabi_d2ulz                            0x08007d1d   Thumb Code     0  dfixull.o(x$fpl$llufromd)
    _ll_ufrom_d                              0x08007d1d   Thumb Code   120  dfixull.o(x$fpl$llufromd)
    Datarates                                0x08007d94   Data           8  loramac.o(.constdata)
    __I$use$fp                               0x08007d94   Number         0  usenofp.o(x$fpl$usenofp)
    TxPowers                                 0x08007d9c   Data           6  loramac.o(.constdata)
    Radio                                    0x08007dbc   Data          80  sx1272-board.o(.constdata)
    RadioRegsInit                            0x08007e0c   Data          45  sx1272.o(.constdata)
    FskBandwidths                            0x08007e3c   Data         176  sx1272.o(.constdata)
    Region$$Table$$Base                      0x08008234   Number         0  anon$$obj.o(Region$$Table)
    Region$$Table$$Limit                     0x08008254   Number         0  anon$$obj.o(Region$$Table)
    SystemCoreClock                          0x20000040   Data           4  system_stm32l1xx.o(.data)
    PLLMulTable                              0x20000044   Data           9  system_stm32l1xx.o(.data)
    AHBPrescTable                            0x2000004d   Data          16  system_stm32l1xx.o(.data)
    LoRaMacState                             0x20000174   Data           4  loramac.o(.data)
    LoRaMacEventFlags                        0x2000017c   Data           1  loramac.o(.data)
    TxTimeOnAir                              0x200001a0   Data           8  loramac.o(.data)
    TimerTickCounter                         0x200001e8   Data           8  timer-board.o(.data)
    TimeoutCntValue                          0x200001f8   Data           8  timer-board.o(.data)
    TimerDelayCounter                        0x20000200   Data           4  timer-board.o(.data)
    DioIrq                                   0x20000208   Data          24  sx1272.o(.data)
    __stdout                                 0x20000228   Data           4  utilities.o(.data)
    HasLoopedThroughMain                     0x2000022d   Data           1  timer.o(.data)
    LoRaMacEventInfo                         0x20000344   Data          17  loramac.o(.bss)
    Led1                                     0x20000604   Data          12  board.o(.bss)
    Led2                                     0x20000610   Data          12  board.o(.bss)
    SPI_InitStructure                        0x2000065c   Data          18  spi-board.o(.bss)
    AntSw                                    0x20000670   Data          12  sx1272-board.o(.bss)
    SX1272                                   0x2000077c   Data         232  sx1272.o(.bss)
    TxTimeoutTimer                           0x20000864   Data          20  sx1272.o(.bss)
    RxTimeoutTimer                           0x20000878   Data          20  sx1272.o(.bss)
    RxTimeoutSyncWord                        0x2000088c   Data          20  sx1272.o(.bss)
    __libspace_start                         0x200008a0   Data          96  libspace.o(.bss)
    __temporary_stack_top$libspace           0x20000900   Data           0  libspace.o(.bss)



==============================================================================

Memory Map of the image

  Image Entry point : 0x08000209

  Load Region LR_1 (Base: 0x08000000, Size: 0x00008488, Max: 0xffffffff, ABSOLUTE, COMPRESSED[0x00008314])

    Execution Region ER_RO (Base: 0x08000000, Size: 0x00008254, Max: 0xffffffff, ABSOLUTE)

    Base Addr    Size         Type   Attr      Idx    E Section Name        Object

    0x08000000   0x00000124   Data   RO         4052    RESET               startup_stm32l1xx_mdp.o
    0x08000124   0x00000008   Code   RO         5610  * !!!main             c_w.l(__main.o)
    0x0800012c   0x00000034   Code   RO         5848    !!!scatter          c_w.l(__scatter.o)
    0x08000160   0x0000005a   Code   RO         5846    !!dczerorl2         c_w.l(__dczerorl2.o)
    0x080001ba   0x00000002   PAD
    0x080001bc   0x0000001c   Code   RO         5850    !!handler_zi        c_w.l(__scatter_zi.o)
    0x080001d8   0x00000000   Code   RO         5605    .ARM.Collect$$_printf_percent$$00000000  c_w.l(_printf_percent.o)
    0x080001d8   0x00000006   Code   RO         5604    .ARM.Collect$$_printf_percent$$00000009  c_w.l(_printf_d.o)
    0x080001de   0x00000004   Code   RO         5671    .ARM.Collect$$_printf_percent$$00000017  c_w.l(_printf_percent_end.o)
    0x080001e2   0x00000002   Code   RO         5717    .ARM.Collect$$libinit$$00000000  c_w.l(libinit.o)
    0x080001e4   0x00000000   Code   RO         5724    .ARM.Collect$$libinit$$00000002  c_w.l(libinit2.o)
    0x080001e4   0x00000000   Code   RO         5726    .ARM.Collect$$libinit$$00000004  c_w.l(libinit2.o)
    0x080001e4   0x00000000   Code   RO         5729    .ARM.Collect$$libinit$$0000000A  c_w.l(libinit2.o)
    0x080001e4   0x00000000   Code   RO         5731    .ARM.Collect$$libinit$$0000000C  c_w.l(libinit2.o)
    0x080001e4   0x00000000   Code   RO         5733    .ARM.Collect$$libinit$$0000000E  c_w.l(libinit2.o)
    0x080001e4   0x00000000   Code   RO         5736    .ARM.Collect$$libinit$$00000011  c_w.l(libinit2.o)
    0x080001e4   0x00000000   Code   RO         5738    .ARM.Collect$$libinit$$00000013  c_w.l(libinit2.o)
    0x080001e4   0x00000000   Code   RO         5740    .ARM.Collect$$libinit$$00000015  c_w.l(libinit2.o)
    0x080001e4   0x00000000   Code   RO         5742    .ARM.Collect$$libinit$$00000017  c_w.l(libinit2.o)
    0x080001e4   0x00000000   Code   RO         5744    .ARM.Collect$$libinit$$00000019  c_w.l(libinit2.o)
    0x080001e4   0x00000000   Code   RO         5746    .ARM.Collect$$libinit$$0000001B  c_w.l(libinit2.o)
    0x080001e4   0x00000000   Code   RO         5748    .ARM.Collect$$libinit$$0000001D  c_w.l(libinit2.o)
    0x080001e4   0x00000000   Code   RO         5750    .ARM.Collect$$libinit$$0000001F  c_w.l(libinit2.o)
    0x080001e4   0x00000000   Code   RO         5752    .ARM.Collect$$libinit$$00000021  c_w.l(libinit2.o)
    0x080001e4   0x00000000   Code   RO         5754    .ARM.Collect$$libinit$$00000023  c_w.l(libinit2.o)
    0x080001e4   0x00000000   Code   RO         5756    .ARM.Collect$$libinit$$00000025  c_w.l(libinit2.o)
    0x080001e4   0x00000000   Code   RO         5760    .ARM.Collect$$libinit$$0000002C  c_w.l(libinit2.o)
    0x080001e4   0x00000000   Code   RO         5762    .ARM.Collect$$libinit$$0000002E  c_w.l(libinit2.o)
    0x080001e4   0x00000000   Code   RO         5764    .ARM.Collect$$libinit$$00000030  c_w.l(libinit2.o)
    0x080001e4   0x00000000   Code   RO         5766    .ARM.Collect$$libinit$$00000032  c_w.l(libinit2.o)
    0x080001e4   0x00000002   Code   RO         5767    .ARM.Collect$$libinit$$00000033  c_w.l(libinit2.o)
    0x080001e6   0x00000002   Code   RO         5787    .ARM.Collect$$libshutdown$$00000000  c_w.l(libshutdown.o)
    0x080001e8   0x00000000   Code   RO         5801    .ARM.Collect$$libshutdown$$00000003  c_w.l(libshutdown2.o)
    0x080001e8   0x00000000   Code   RO         5804    .ARM.Collect$$libshutdown$$00000006  c_w.l(libshutdown2.o)
    0x080001e8   0x00000000   Code   RO         5807    .ARM.Collect$$libshutdown$$00000009  c_w.l(libshutdown2.o)
    0x080001e8   0x00000000   Code   RO         5809    .ARM.Collect$$libshutdown$$0000000B  c_w.l(libshutdown2.o)
    0x080001e8   0x00000000   Code   RO         5812    .ARM.Collect$$libshutdown$$0000000E  c_w.l(libshutdown2.o)
    0x080001e8   0x00000002   Code   RO         5813    .ARM.Collect$$libshutdown$$0000000F  c_w.l(libshutdown2.o)
    0x080001ea   0x00000000   Code   RO         5666    .ARM.Collect$$rtentry$$00000000  c_w.l(__rtentry.o)
    0x080001ea   0x00000000   Code   RO         5686    .ARM.Collect$$rtentry$$00000002  c_w.l(__rtentry2.o)
    0x080001ea   0x00000006   Code   RO         5698    .ARM.Collect$$rtentry$$00000004  c_w.l(__rtentry4.o)
    0x080001f0   0x00000000   Code   RO         5688    .ARM.Collect$$rtentry$$00000009  c_w.l(__rtentry2.o)
    0x080001f0   0x00000004   Code   RO         5689    .ARM.Collect$$rtentry$$0000000A  c_w.l(__rtentry2.o)
    0x080001f4   0x00000000   Code   RO         5691    .ARM.Collect$$rtentry$$0000000C  c_w.l(__rtentry2.o)
    0x080001f4   0x00000008   Code   RO         5692    .ARM.Collect$$rtentry$$0000000D  c_w.l(__rtentry2.o)
    0x080001fc   0x00000002   Code   RO         5721    .ARM.Collect$$rtexit$$00000000  c_w.l(rtexit.o)
    0x080001fe   0x00000000   Code   RO         5769    .ARM.Collect$$rtexit$$00000002  c_w.l(rtexit2.o)
    0x080001fe   0x00000004   Code   RO         5770    .ARM.Collect$$rtexit$$00000003  c_w.l(rtexit2.o)
    0x08000202   0x00000006   Code   RO         5771    .ARM.Collect$$rtexit$$00000004  c_w.l(rtexit2.o)
    0x08000208   0x00000040   Code   RO         4053  * .text               startup_stm32l1xx_mdp.o
    0x08000248   0x00000018   Code   RO         5578    .text               c_w.l(noretval__2printf.o)
    0x08000260   0x00000068   Code   RO         5580    .text               c_w.l(__printf.o)
    0x080002c8   0x00000078   Code   RO         5582    .text               c_w.l(_printf_dec.o)
    0x08000340   0x0000004e   Code   RO         5606    .text               c_w.l(rt_memclr_w.o)
    0x0800038e   0x00000006   Code   RO         5608    .text               c_w.l(heapauxi.o)
    0x08000394   0x000000b2   Code   RO         5667    .text               c_w.l(_printf_intcommon.o)
    0x08000446   0x00000002   PAD
    0x08000448   0x00000024   Code   RO         5669    .text               c_w.l(_printf_char_file.o)
    0x0800046c   0x00000030   Code   RO         5700    .text               c_w.l(_printf_char_common.o)
    0x0800049c   0x00000008   Code   RO         5702    .text               c_w.l(ferror.o)
    0x080004a4   0x0000004a   Code   RO         5706    .text               c_w.l(sys_stackheap_outer.o)
    0x080004ee   0x0000000c   Code   RO         5710    .text               c_w.l(exit.o)
    0x080004fa   0x00000002   PAD
    0x080004fc   0x00000008   Code   RO         5718    .text               c_w.l(libspace.o)
    0x08000504   0x0000000c   Code   RO         5779    .text               c_w.l(sys_exit.o)
    0x08000510   0x00000002   Code   RO         5790    .text               c_w.l(use_no_semi.o)
    0x08000512   0x00000000   Code   RO         5792    .text               c_w.l(indicate_semi.o)
    0x08000512   0x000001ba   Code   RO         5541    i.AES_CMAC_Final    cmac.o
    0x080006cc   0x00000022   Code   RO         5542    i.AES_CMAC_Init     cmac.o
    0x080006ee   0x00000012   Code   RO         5543    i.AES_CMAC_SetKey   cmac.o
    0x08000700   0x000000e8   Code   RO         5544    i.AES_CMAC_Update   cmac.o
    0x080007e8   0x000000ac   Code   RO         4096    i.AddMacCommand     loramac.o
    0x08000894   0x00000068   Code   RO         4445    i.BoardGetUniqueId  board.o
    0x080008fc   0x0000006c   Code   RO         4446    i.BoardInitMcu      board.o
    0x08000968   0x00000040   Code   RO         4447    i.BoardInitPeriph   board.o
    0x080009a8   0x00000004   Code   RO         4448    i.BoardMeasureBatterieLevel  board.o
    0x080009ac   0x0000001a   Code   RO         5254    i.DelayMs           delay.o
    0x080009c6   0x00000002   PAD
    0x080009c8   0x0000002c   Code   RO         4508    i.EXTI0_IRQHandler  gpio-board.o
    0x080009f4   0x000000c8   Code   RO         4509    i.EXTI15_10_IRQHandler  gpio-board.o
    0x08000abc   0x0000002c   Code   RO         4510    i.EXTI1_IRQHandler  gpio-board.o
    0x08000ae8   0x0000002c   Code   RO         4511    i.EXTI2_IRQHandler  gpio-board.o
    0x08000b14   0x0000002c   Code   RO         4512    i.EXTI3_IRQHandler  gpio-board.o
    0x08000b40   0x0000002c   Code   RO         4513    i.EXTI4_IRQHandler  gpio-board.o
    0x08000b6c   0x0000009c   Code   RO         4514    i.EXTI9_5_IRQHandler  gpio-board.o
    0x08000c08   0x0000000c   Code   RO         1494    i.EXTI_ClearITPendingBit  stm32l1xx_exti.o
    0x08000c14   0x00000018   Code   RO         1498    i.EXTI_GetITStatus  stm32l1xx_exti.o
    0x08000c2c   0x00000094   Code   RO         1499    i.EXTI_Init         stm32l1xx_exti.o
    0x08000cc0   0x00000084   Code   RO          280    i.GPIO_Init         stm32l1xx_gpio.o
    0x08000d44   0x00000046   Code   RO          281    i.GPIO_PinAFConfig  stm32l1xx_gpio.o
    0x08000d8a   0x00000004   Code   RO          287    i.GPIO_ResetBits    stm32l1xx_gpio.o
    0x08000d8e   0x00000004   Code   RO          288    i.GPIO_SetBits      stm32l1xx_gpio.o
    0x08000d92   0x00000002   PAD
    0x08000d94   0x00000038   Code   RO         4967    i.GetFskBandwidthRegValue  sx1272.o
    0x08000dcc   0x0000002c   Code   RO         5329    i.GpioInit          gpio.o
    0x08000df8   0x0000009c   Code   RO         4515    i.GpioMcuInit       gpio-board.o
    0x08000e94   0x00000124   Code   RO         4518    i.GpioMcuSetInterrupt  gpio-board.o
    0x08000fb8   0x00000032   Code   RO         4519    i.GpioMcuWrite      gpio-board.o
    0x08000fea   0x00000028   Code   RO         5332    i.GpioSetInterrupt  gpio.o
    0x08001012   0x00000002   PAD
    0x08001014   0x00000044   Code   RO         5333    i.GpioWrite         gpio.o
    0x08001058   0x00000094   Code   RO         4385    i.LoRaMacComputeMic  loramaccrypto.o
    0x080010ec   0x000001ec   Code   RO         4099    i.LoRaMacInit       loramac.o
    0x080012d8   0x00000048   Code   RO         4100    i.LoRaMacInitNwkIds  loramac.o
    0x08001320   0x00000058   Code   RO         4386    i.LoRaMacJoinComputeMic  loramaccrypto.o
    0x08001378   0x00000094   Code   RO         4387    i.LoRaMacJoinComputeSKeys  loramaccrypto.o
    0x0800140c   0x00000044   Code   RO         4388    i.LoRaMacJoinDecrypt  loramaccrypto.o
    0x08001450   0x0000002c   Code   RO         4103    i.LoRaMacNotify     loramac.o
    0x0800147c   0x00000028   Code   RO         4389    i.LoRaMacPayloadDecrypt  loramaccrypto.o
    0x080014a4   0x000000e0   Code   RO         4390    i.LoRaMacPayloadEncrypt  loramaccrypto.o
    0x08001584   0x0000042c   Code   RO         4104    i.LoRaMacPrepareFrame  loramac.o
    0x080019b0   0x000003f0   Code   RO         4105    i.LoRaMacProcessMacCommands  loramac.o
    0x08001da0   0x000000bc   Code   RO         4106    i.LoRaMacRxWindowSetup  loramac.o
    0x08001e5c   0x00000100   Code   RO         4107    i.LoRaMacSend       loramac.o
    0x08001f5c   0x00000090   Code   RO         4109    i.LoRaMacSendFrame  loramac.o
    0x08001fec   0x000002a0   Code   RO         4110    i.LoRaMacSendFrameOnChannel  loramac.o
    0x0800228c   0x000000a0   Code   RO         4111    i.LoRaMacSendOnChannel  loramac.o
    0x0800232c   0x0000000c   Code   RO         4112    i.LoRaMacSetAdrOn   loramac.o
    0x08002338   0x000001e0   Code   RO         4113    i.LoRaMacSetChannel  loramac.o
    0x08002518   0x00000284   Code   RO         4123    i.LoRaMacSetNextChannel  loramac.o
    0x0800279c   0x00000038   Code   RO         4124    i.LoRaMacSetPublicNetwork  loramac.o
    0x080027d4   0x00000078   Code   RO          235    i.NVIC_Init         misc.o
    0x0800284c   0x00000014   Code   RO          236    i.NVIC_PriorityGroupConfig  misc.o
    0x08002860   0x0000001c   Code   RO         4129    i.OnAckTimeoutTimerEvent  loramac.o
    0x0800287c   0x0000004c   Code   RO         4130    i.OnChannelCheckTimerEvent  loramac.o
    0x080028c8   0x00000010   Code   RO            3    i.OnLed1TimerEvent  main.o
    0x080028d8   0x00000010   Code   RO            4    i.OnLed2TimerEvent  main.o
    0x080028e8   0x00000078   Code   RO            5    i.OnMacEvent        main.o
    0x08002960   0x00000224   Code   RO         4131    i.OnMacStateCheckTimerEvent  loramac.o
    0x08002b84   0x00000560   Code   RO         4132    i.OnRadioRxDone     loramac.o
    0x080030e4   0x00000038   Code   RO         4133    i.OnRadioRxError    loramac.o
    0x0800311c   0x00000038   Code   RO         4134    i.OnRadioRxTimeout  loramac.o
    0x08003154   0x00000190   Code   RO         4135    i.OnRadioTxDone     loramac.o
    0x080032e4   0x0000004c   Code   RO         4136    i.OnRadioTxTimeout  loramac.o
    0x08003330   0x00000064   Code   RO         4137    i.OnRxWindow1TimerEvent  loramac.o
    0x08003394   0x00000078   Code   RO         4138    i.OnRxWindow2TimerEvent  loramac.o
    0x0800340c   0x0000001c   Code   RO         4139    i.OnTxDelayedTimerEvent  loramac.o
    0x08003428   0x00000030   Code   RO            6    i.OnTxNextPacketTimerEvent  main.o
    0x08003458   0x0000000c   Code   RO         2415    i.PWR_PVDCmd        stm32l1xx_pwr.o
    0x08003464   0x0000000c   Code   RO         2417    i.PWR_RTCAccessCmd  stm32l1xx_pwr.o
    0x08003470   0x0000000c   Code   RO         2418    i.PWR_UltraLowPowerCmd  stm32l1xx_pwr.o
    0x0800347c   0x0000008c   Code   RO            7    i.PrepareTxFrame    main.o
    0x08003508   0x00000050   Code   RO            8    i.ProcessRxFrame    main.o
    0x08003558   0x00000020   Code   RO          377    i.RCC_AHBPeriphClockCmd  stm32l1xx_rcc.o
    0x08003578   0x00000020   Code   RO          380    i.RCC_APB1PeriphClockCmd  stm32l1xx_rcc.o
    0x08003598   0x00000020   Code   RO          383    i.RCC_APB2PeriphClockCmd  stm32l1xx_rcc.o
    0x080035b8   0x00000034   Code   RO          393    i.RCC_GetFlagStatus  stm32l1xx_rcc.o
    0x080035ec   0x00000010   Code   RO          395    i.RCC_GetSYSCLKSource  stm32l1xx_rcc.o
    0x080035fc   0x00000010   Code   RO          397    i.RCC_HSEConfig     stm32l1xx_rcc.o
    0x0800360c   0x00000010   Code   RO          401    i.RCC_LSEConfig     stm32l1xx_rcc.o
    0x0800361c   0x0000000c   Code   RO          408    i.RCC_PLLCmd        stm32l1xx_rcc.o
    0x08003628   0x0000000c   Code   RO          410    i.RCC_RTCCLKCmd     stm32l1xx_rcc.o
    0x08003634   0x00000044   Code   RO          411    i.RCC_RTCCLKConfig  stm32l1xx_rcc.o
    0x08003678   0x0000000c   Code   RO          412    i.RCC_RTCResetCmd   stm32l1xx_rcc.o
    0x08003684   0x00000018   Code   RO          413    i.RCC_SYSCLKConfig  stm32l1xx_rcc.o
    0x0800369c   0x00000074   Code   RO         2505    i.RTC_AlarmCmd      stm32l1xx_rtc.o
    0x08003710   0x00000026   Code   RO         4604    i.RTC_Alarm_IRQHandler  rtc-board.o
    0x08003736   0x00000016   Code   RO         2508    i.RTC_Bcd2ToByte    stm32l1xx_rtc.o
    0x0800374c   0x0000001c   Code   RO         2510    i.RTC_ByteToBcd2    stm32l1xx_rtc.o
    0x08003768   0x00000020   Code   RO         2513    i.RTC_ClearFlag     stm32l1xx_rtc.o
    0x08003788   0x00000020   Code   RO         2514    i.RTC_ClearITPendingBit  stm32l1xx_rtc.o
    0x080037a8   0x0000000e   Code   RO         2517    i.RTC_DateStructInit  stm32l1xx_rtc.o
    0x080037b6   0x00000002   PAD
    0x080037b8   0x00000050   Code   RO         2520    i.RTC_EnterInitMode  stm32l1xx_rtc.o
    0x08003808   0x00000014   Code   RO         2521    i.RTC_ExitInitMode  stm32l1xx_rtc.o
    0x0800381c   0x0000004c   Code   RO         2524    i.RTC_GetDate       stm32l1xx_rtc.o
    0x08003868   0x00000044   Code   RO         2526    i.RTC_GetITStatus   stm32l1xx_rtc.o
    0x080038ac   0x00000050   Code   RO         2529    i.RTC_GetTime       stm32l1xx_rtc.o
    0x080038fc   0x00000064   Code   RO         2533    i.RTC_ITConfig      stm32l1xx_rtc.o
    0x08003960   0x00000064   Code   RO         2534    i.RTC_Init          stm32l1xx_rtc.o
    0x080039c4   0x000000ec   Code   RO         2539    i.RTC_SetAlarm      stm32l1xx_rtc.o
    0x08003ab0   0x000000c8   Code   RO         2540    i.RTC_SetDate       stm32l1xx_rtc.o
    0x08003b78   0x000000d0   Code   RO         2541    i.RTC_SetTime       stm32l1xx_rtc.o
    0x08003c48   0x0000000c   Code   RO         2554    i.RTC_TimeStructInit  stm32l1xx_rtc.o
    0x08003c54   0x00000060   Code   RO         2555    i.RTC_WaitForSynchro  stm32l1xx_rtc.o
    0x08003cb4   0x00000020   Code   RO         4605    i.RtcClearStatus    rtc-board.o
    0x08003cd4   0x00000034   Code   RO         4606    i.RtcDelayMs        rtc-board.o
    0x08003d08   0x0000013c   Code   RO         4608    i.RtcGetCalendarValue  rtc-board.o
    0x08003e44   0x0000001c   Code   RO         4609    i.RtcGetMinimumTimeout  rtc-board.o
    0x08003e60   0x00000054   Code   RO         4610    i.RtcGetTimerElapsedTime  rtc-board.o
    0x08003eb4   0x0000003c   Code   RO         4611    i.RtcGetTimerValue  rtc-board.o
    0x08003ef0   0x0000001c   Code   RO         4612    i.RtcInit           rtc-board.o
    0x08003f0c   0x00000068   Code   RO         4613    i.RtcRecoverMcuStatus  rtc-board.o
    0x08003f74   0x0000006e   Code   RO         4614    i.RtcSetAlarmConfig  rtc-board.o
    0x08003fe2   0x00000076   Code   RO         4615    i.RtcSetConfig      rtc-board.o
    0x08004058   0x00000064   Code   RO         4616    i.RtcSetTimeout     rtc-board.o
    0x080040bc   0x00000238   Code   RO         4617    i.RtcStartWakeUpAlarm  rtc-board.o
    0x080042f4   0x00000018   Code   RO         3049    i.SPI_Cmd           stm32l1xx_spi.o
    0x0800430c   0x00000012   Code   RO         3057    i.SPI_I2S_GetFlagStatus  stm32l1xx_spi.o
    0x0800431e   0x00000006   Code   RO         3060    i.SPI_I2S_ReceiveData  stm32l1xx_spi.o
    0x08004324   0x00000004   Code   RO         3061    i.SPI_I2S_SendData  stm32l1xx_spi.o
    0x08004328   0x0000003c   Code   RO         3062    i.SPI_Init          stm32l1xx_spi.o
    0x08004364   0x0000001c   Code   RO         4777    i.SX1272AntSwDeInit  sx1272-board.o
    0x08004380   0x0000001c   Code   RO         4778    i.SX1272AntSwInit   sx1272-board.o
    0x0800439c   0x00000006   Code   RO         4779    i.SX1272CheckRfFrequency  sx1272-board.o
    0x080043a2   0x00000006   Code   RO         4780    i.SX1272GetPaSelect  sx1272-board.o
    0x080043a8   0x0000000c   Code   RO         4968    i.SX1272GetStatus   sx1272.o
    0x080043b4   0x0000029c   Code   RO         4969    i.SX1272GetTimeOnAir  sx1272.o
    0x08004650   0x00000090   Code   RO         4970    i.SX1272Init        sx1272.o
    0x080046e0   0x0000009c   Code   RO         4782    i.SX1272IoInit      sx1272-board.o
    0x0800477c   0x0000005c   Code   RO         4783    i.SX1272IoIrqInit   sx1272-board.o
    0x080047d8   0x0000003e   Code   RO         4971    i.SX1272IsChannelFree  sx1272.o
    0x08004816   0x00000002   PAD
    0x08004818   0x0000032c   Code   RO         4972    i.SX1272OnDio0Irq   sx1272.o
    0x08004b44   0x000001a0   Code   RO         4973    i.SX1272OnDio1Irq   sx1272.o
    0x08004ce4   0x00000148   Code   RO         4974    i.SX1272OnDio2Irq   sx1272.o
    0x08004e2c   0x00000070   Code   RO         4975    i.SX1272OnDio3Irq   sx1272.o
    0x08004e9c   0x0000002c   Code   RO         4976    i.SX1272OnDio4Irq   sx1272.o
    0x08004ec8   0x000000b4   Code   RO         4978    i.SX1272OnTimeoutIrq  sx1272.o
    0x08004f7c   0x00000040   Code   RO         4979    i.SX1272Random      sx1272.o
    0x08004fbc   0x00000014   Code   RO         4980    i.SX1272Read        sx1272.o
    0x08004fd0   0x00000048   Code   RO         4981    i.SX1272ReadBuffer  sx1272.o
    0x08005018   0x00000012   Code   RO         4982    i.SX1272ReadFifo    sx1272.o
    0x0800502a   0x00000032   Code   RO         4983    i.SX1272ReadRssi    sx1272.o
    0x0800505c   0x0000003c   Code   RO         4984    i.SX1272Reset       sx1272.o
    0x08005098   0x00000114   Code   RO         4985    i.SX1272Send        sx1272.o
    0x080051ac   0x00000038   Code   RO         4784    i.SX1272SetAntSw    sx1272-board.o
    0x080051e4   0x00000024   Code   RO         4785    i.SX1272SetAntSwLowPower  sx1272-board.o
    0x08005208   0x0000004c   Code   RO         4986    i.SX1272SetChannel  sx1272.o
    0x08005254   0x00000090   Code   RO         4987    i.SX1272SetModem    sx1272.o
    0x080052e4   0x00000050   Code   RO         4988    i.SX1272SetOpMode   sx1272.o
    0x08005334   0x00000200   Code   RO         4989    i.SX1272SetRx       sx1272.o
    0x08005534   0x00000230   Code   RO         4990    i.SX1272SetRxConfig  sx1272.o
    0x08005764   0x0000002c   Code   RO         4991    i.SX1272SetSleep    sx1272.o
    0x08005790   0x0000002c   Code   RO         4992    i.SX1272SetStby     sx1272.o
    0x080057bc   0x000000bc   Code   RO         4993    i.SX1272SetTx       sx1272.o
    0x08005878   0x000002e8   Code   RO         4994    i.SX1272SetTxConfig  sx1272.o
    0x08005b60   0x00000048   Code   RO         4995    i.SX1272StartCad    sx1272.o
    0x08005ba8   0x00000010   Code   RO         4996    i.SX1272Write       sx1272.o
    0x08005bb8   0x00000044   Code   RO         4997    i.SX1272WriteBuffer  sx1272.o
    0x08005bfc   0x00000012   Code   RO         4998    i.SX1272WriteFifo   sx1272.o
    0x08005c0e   0x00000002   PAD
    0x08005c10   0x00000040   Code   RO         3197    i.SYSCFG_EXTILineConfig  stm32l1xx_syscfg.o
    0x08005c50   0x00000068   Code   RO            9    i.SendFrame         main.o
    0x08005cb8   0x00000138   Code   RO         4059    i.SetSysClock       system_stm32l1xx.o
    0x08005df0   0x000000a0   Code   RO         4728    i.SpiFormat         spi-board.o
    0x08005e90   0x00000078   Code   RO         4729    i.SpiFrequency      spi-board.o
    0x08005f08   0x0000003c   Code   RO         4730    i.SpiInOut          spi-board.o
    0x08005f44   0x000000fc   Code   RO         4731    i.SpiInit           spi-board.o
    0x08006040   0x0000011c   Code   RO         4060    i.SystemCoreClockUpdate  system_stm32l1xx.o
    0x0800615c   0x0000006c   Code   RO         4061    i.SystemInit        system_stm32l1xx.o
    0x080061c8   0x0000003c   Code   RO         4860    i.TIM2_IRQHandler   timer-board.o
    0x08006204   0x00000020   Code   RO         4861    i.TIM3_IRQHandler   timer-board.o
    0x08006224   0x00000006   Code   RO         3295    i.TIM_ClearITPendingBit  stm32l1xx_tim.o
    0x0800622a   0x00000018   Code   RO         3300    i.TIM_Cmd           stm32l1xx_tim.o
    0x08006242   0x00000022   Code   RO         3320    i.TIM_GetITStatus   stm32l1xx_tim.o
    0x08006264   0x00000012   Code   RO         3324    i.TIM_ITConfig      stm32l1xx_tim.o
    0x08006276   0x00000002   PAD
    0x08006278   0x00000060   Code   RO         3368    i.TIM_TimeBaseInit  stm32l1xx_tim.o
    0x080062d8   0x00000020   Code   RO         5376    i.TimerExists       timer.o
    0x080062f8   0x0000001c   Code   RO         5377    i.TimerGetCurrentTime  timer.o
    0x08006314   0x0000000c   Code   RO         5378    i.TimerGetLowPowerEnable  timer.o
    0x08006320   0x0000001c   Code   RO         5379    i.TimerGetValue     timer.o
    0x0800633c   0x00000048   Code   RO         4863    i.TimerHwDelayMs    timer-board.o
    0x08006384   0x00000010   Code   RO         4865    i.TimerHwGetDelayValue  timer-board.o
    0x08006394   0x00000030   Code   RO         4866    i.TimerHwGetElapsedTime  timer-board.o
    0x080063c4   0x00000018   Code   RO         4867    i.TimerHwGetMinimumTimeout  timer-board.o
    0x080063dc   0x0000001a   Code   RO         4868    i.TimerHwGetTime    timer-board.o
    0x080063f6   0x00000002   PAD
    0x080063f8   0x00000018   Code   RO         4869    i.TimerHwGetTimerValue  timer-board.o
    0x08006410   0x000000cc   Code   RO         4870    i.TimerHwInit       timer-board.o
    0x080064dc   0x00000048   Code   RO         4871    i.TimerHwStart      timer-board.o
    0x08006524   0x00000014   Code   RO         4873    i.TimerIncrementDelayCounter  timer-board.o
    0x08006538   0x0000001c   Code   RO         4874    i.TimerIncrementTickCounter  timer-board.o
    0x08006554   0x0000000e   Code   RO         5380    i.TimerInit         timer.o
    0x08006562   0x00000002   PAD
    0x08006564   0x0000002c   Code   RO         5381    i.TimerInsertNewHeadTimer  timer.o
    0x08006590   0x0000006c   Code   RO         5382    i.TimerInsertTimer  timer.o
    0x080065fc   0x000000a4   Code   RO         5383    i.TimerIrqHandler   timer.o
    0x080066a0   0x0000000c   Code   RO         5386    i.TimerSetLowPowerEnable  timer.o
    0x080066ac   0x0000002c   Code   RO         5387    i.TimerSetTimeout   timer.o
    0x080066d8   0x00000034   Code   RO         5388    i.TimerSetValue     timer.o
    0x0800670c   0x00000084   Code   RO         5389    i.TimerStart        timer.o
    0x08006790   0x000000e4   Code   RO         5390    i.TimerStop         timer.o
    0x08006874   0x00000010   Code   RO         5477    i.add_round_key     aes.o
    0x08006884   0x0000005a   Code   RO         5479    i.aes_encrypt       aes.o
    0x080068de   0x00000002   PAD
    0x080068e0   0x0000013c   Code   RO         5480    i.aes_set_key       aes.o
    0x08006a1c   0x000000dc   Code   RO         5657    i.ceil              m_ws.l(ceil.o)
    0x08006af8   0x00000024   Code   RO         5481    i.copy_and_key      aes.o
    0x08006b1c   0x00000012   Code   RO         5482    i.copy_block        aes.o
    0x08006b2e   0x00000018   Code   RO         5483    i.copy_block_nn     aes.o
    0x08006b46   0x00000002   PAD
    0x08006b48   0x000000dc   Code   RO         5661    i.floor             m_ws.l(floor.o)
    0x08006c24   0x00000038   Code   RO         5181    i.fputc             utilities.o
    0x08006c5c   0x00000164   Code   RO           10    i.main              main.o
    0x08006dc0   0x00000018   Code   RO         5182    i.memcpy1           utilities.o
    0x08006dd8   0x00000014   Code   RO         5183    i.memset1           utilities.o
    0x08006dec   0x00000284   Code   RO         5484    i.mix_sub_columns   aes.o
    0x08007070   0x00000028   Code   RO         5184    i.rand              utilities.o
    0x08007098   0x0000001a   Code   RO         5185    i.randr             utilities.o
    0x080070b2   0x00000002   PAD
    0x080070b4   0x00000094   Code   RO         5664    i.round             m_ws.l(round.o)
    0x08007148   0x00000070   Code   RO         5485    i.shift_sub_rows    aes.o
    0x080071b8   0x0000000c   Code   RO         5186    i.srand             utilities.o
    0x080071c4   0x00000022   Code   RO         5486    i.xor_block         aes.o
    0x080071e6   0x00000002   PAD
    0x080071e8   0x00000150   Code   RO         5612    x$fpl$dadd          fz_ws.l(daddsub_clz.o)
    0x08007338   0x00000018   Code   RO         5672    x$fpl$dcmpinf       fz_ws.l(dcmpi.o)
    0x08007350   0x000002b0   Code   RO         5619    x$fpl$ddiv          fz_ws.l(ddiv.o)
    0x08007600   0x0000005e   Code   RO         5622    x$fpl$dfix          fz_ws.l(dfix.o)
    0x0800765e   0x00000002   PAD
    0x08007660   0x0000005a   Code   RO         5626    x$fpl$dfixu         fz_ws.l(dfixu.o)
    0x080076ba   0x0000002e   Code   RO         5635    x$fpl$dflt          fz_ws.l(dflt_clz.o)
    0x080076e8   0x00000026   Code   RO         5634    x$fpl$dfltu         fz_ws.l(dflt_clz.o)
    0x0800770e   0x00000002   PAD
    0x08007710   0x0000008a   Code   RO         5641    x$fpl$dfltull       fz_ws.l(dfltll_clz.o)
    0x0800779a   0x00000002   PAD
    0x0800779c   0x00000078   Code   RO         5644    x$fpl$dleqf         fz_ws.l(dleqf.o)
    0x08007814   0x00000154   Code   RO         5646    x$fpl$dmul          fz_ws.l(dmul.o)
    0x08007968   0x0000009c   Code   RO         5674    x$fpl$dnaninf       fz_ws.l(dnaninf.o)
    0x08007a04   0x0000000c   Code   RO         5676    x$fpl$dretinf       fz_ws.l(dretinf.o)
    0x08007a10   0x0000006c   Code   RO         5648    x$fpl$drleqf        fz_ws.l(drleqf.o)
    0x08007a7c   0x000000b4   Code   RO         5678    x$fpl$drnd          fz_ws.l(drnd.o)
    0x08007b30   0x00000016   Code   RO         5613    x$fpl$drsb          fz_ws.l(daddsub_clz.o)
    0x08007b46   0x00000002   PAD
    0x08007b48   0x000001d4   Code   RO         5614    x$fpl$dsub          fz_ws.l(daddsub_clz.o)
    0x08007d1c   0x00000078   Code   RO         5630    x$fpl$llufromd      fz_ws.l(dfixull.o)
    0x08007d94   0x00000000   Code   RO         5684    x$fpl$usenofp       fz_ws.l(usenofp.o)
    0x08007d94   0x0000000e   Data   RO         4141    .constdata          loramac.o
    0x08007da2   0x00000018   Data   RO         4619    .constdata          rtc-board.o
    0x08007dba   0x00000002   PAD
    0x08007dbc   0x00000050   Data   RO         4787    .constdata          sx1272-board.o
    0x08007e0c   0x000000e0   Data   RO         5000    .constdata          sx1272.o
    0x08007eec   0x00000300   Data   RO         5487    .constdata          aes.o
    0x080081ec   0x00000045   Data   RO         4142    .conststring        loramac.o
    0x08008231   0x00000003   PAD
    0x08008234   0x00000020   Data   RO         5844    Region$$Table       anon$$obj.o


    Execution Region ER_RW (Base: 0x20000000, Size: 0x00000234, Max: 0xffffffff, ABSOLUTE, COMPRESSED[0x000000c0])

    Base Addr    Size         Type   Attr      Idx    E Section Name        Object

    0x20000000   0x0000003d   Data   RW           12    .data               main.o
    0x2000003d   0x00000003   PAD
    0x20000040   0x0000001d   Data   RW         4062    .data               system_stm32l1xx.o
    0x2000005d   0x00000003   PAD
    0x20000060   0x00000148   Data   RW         4143    .data               loramac.o
    0x200001a8   0x00000020   Data   RW         4392    .data               loramaccrypto.o
    0x200001c8   0x00000001   Data   RW         4450    .data               board.o
    0x200001c9   0x00000007   PAD
    0x200001d0   0x00000012   Data   RW         4620    .data               rtc-board.o
    0x200001e2   0x00000001   Data   RW         4788    .data               sx1272-board.o
    0x200001e3   0x00000005   PAD
    0x200001e8   0x0000001c   Data   RW         4875    .data               timer-board.o
    0x20000204   0x0000001d   Data   RW         5001    .data               sx1272.o
    0x20000221   0x00000003   PAD
    0x20000224   0x00000008   Data   RW         5187    .data               utilities.o
    0x2000022c   0x00000008   Data   RW         5391    .data               timer.o


    Execution Region ER_ZI (Base: 0x20000234, Size: 0x00000ccc, Max: 0xffffffff, ABSOLUTE)

    Base Addr    Size         Type   Attr      Idx    E Section Name        Object

    0x20000234   0x0000004c   Zero   RW           11    .bss                main.o
    0x20000280   0x00000158   Zero   RW         4140    .bss                loramac.o
    0x200003d8   0x0000022c   Zero   RW         4391    .bss                loramaccrypto.o
    0x20000604   0x00000018   Zero   RW         4449    .bss                board.o
    0x2000061c   0x00000040   Zero   RW         4520    .bss                gpio-board.o
    0x2000065c   0x00000012   Zero   RW         4732    .bss                spi-board.o
    0x2000066e   0x00000002   PAD
    0x20000670   0x0000000c   Zero   RW         4786    .bss                sx1272-board.o
    0x2000067c   0x00000224   Zero   RW         4999    .bss                sx1272.o
    0x200008a0   0x00000060   Zero   RW         5719    .bss                c_w.l(libspace.o)
    0x20000900   0x00000200   Zero   RW         4051    HEAP                startup_stm32l1xx_mdp.o
    0x20000b00   0x00000400   Zero   RW         4050    STACK               startup_stm32l1xx_mdp.o


==============================================================================

Image component sizes


      Code (inc. data)   RO Data    RW Data    ZI Data      Debug   Object Name

      1290         22        768          0          0      13980   aes.o
       280         28          0          1         24       2336   board.o
       726          0          0          0          0       3969   cmac.o
        26          0          0          0          0        450   delay.o
      1074         46          0          0         64       6198   gpio-board.o
       152         26          0          0          0       2006   gpio.o
      8332       1328         83        328        344      23600   loramac.o
       716         44          0         32        556       6167   loramaccrypto.o
       880        298          0         61         76     255651   main.o
       140         24          0          0          0       1823   misc.o
      1638        120         24         18          0       8139   rtc-board.o
       592         24          0          0         18       3716   spi-board.o
        64         26        292          0       1536        772   startup_stm32l1xx_mdp.o
       184         16          0          0          0       2436   stm32l1xx_exti.o
       210          0          0          0          0       3311   stm32l1xx_gpio.o
        36         18          0          0          0       1759   stm32l1xx_pwr.o
       324         64          0          0          0       7429   stm32l1xx_rcc.o
      1520         86          0          0          0      13548   stm32l1xx_rtc.o
       112          0          0          0          0       3786   stm32l1xx_spi.o
        64          4          0          0          0        712   stm32l1xx_syscfg.o
       178         20          0          0          0       3982   stm32l1xx_tim.o
       408         36         80          1         12       7604   sx1272-board.o
      5960        302        224         29        548      20497   sx1272.o
       704        134          0         29          0       2365   system_stm32l1xx.o
       626         74          0         28          0       6442   timer-board.o
       898         72          0          8          0       7738   timer.o
       178         20          0          8          0      28752   utilities.o

    ----------------------------------------------------------------------
     27338       2832       1508        564       3180     439168   Object Totals
         0          0         32          0          0          0   (incl. Generated)
        26          0          5         21          2          0   (incl. Padding)

    ----------------------------------------------------------------------

      Code (inc. data)   RO Data    RW Data    ZI Data      Debug   Library Member Name

        90          0          0          0          0          0   __dczerorl2.o
         8          0          0          0          0         68   __main.o
       104          0          0          0          0         84   __printf.o
         0          0          0          0          0          0   __rtentry.o
        12          0          0          0          0          0   __rtentry2.o
         6          0          0          0          0          0   __rtentry4.o
        52          8          0          0          0          0   __scatter.o
        28          0          0          0          0          0   __scatter_zi.o
        48          6          0          0          0         96   _printf_char_common.o
        36          4          0          0          0         80   _printf_char_file.o
         6          0          0          0          0          0   _printf_d.o
       120         16          0          0          0         92   _printf_dec.o
       178          0          0          0          0         88   _printf_intcommon.o
         0          0          0          0          0          0   _printf_percent.o
         4          0          0          0          0          0   _printf_percent_end.o
        12          0          0          0          0         72   exit.o
         8          0          0          0          0         68   ferror.o
         6          0          0          0          0        152   heapauxi.o
         0          0          0          0          0          0   indicate_semi.o
         2          0          0          0          0          0   libinit.o
         2          0          0          0          0          0   libinit2.o
         2          0          0          0          0          0   libshutdown.o
         2          0          0          0          0          0   libshutdown2.o
         8          4          0          0         96         68   libspace.o
        24          4          0          0          0         84   noretval__2printf.o
        78          0          0          0          0         80   rt_memclr_w.o
         2          0          0          0          0          0   rtexit.o
        10          0          0          0          0          0   rtexit2.o
        12          4          0          0          0         68   sys_exit.o
        74          0          0          0          0         80   sys_stackheap_outer.o
         2          0          0          0          0         68   use_no_semi.o
       826         16          0          0          0        348   daddsub_clz.o
        24          0          0          0          0         68   dcmpi.o
       688        140          0          0          0        208   ddiv.o
        94          4          0          0          0         92   dfix.o
        90          4          0          0          0         92   dfixu.o
       120          4          0          0          0        104   dfixull.o
        84          0          0          0          0        136   dflt_clz.o
       138          0          0          0          0         84   dfltll_clz.o
       120          4          0          0          0         92   dleqf.o
       340         12          0          0          0        104   dmul.o
       156          4          0          0          0         92   dnaninf.o
        12          0          0          0          0         68   dretinf.o
       108          0          0          0          0         80   drleqf.o
       180          4          0          0          0         80   drnd.o
         0          0          0          0          0          0   usenofp.o
       220         16          0          0          0         84   ceil.o
       220         16          0          0          0         84   floor.o
       148         12          0          0          0         88   round.o

    ----------------------------------------------------------------------
      4518        282          0          0         96       3152   Library Totals
        14          0          0          0          0          0   (incl. Padding)

    ----------------------------------------------------------------------

      Code (inc. data)   RO Data    RW Data    ZI Data      Debug   Library Name

       936         46          0          0         96       1248   c_w.l
      2980        192          0          0          0       1648   fz_ws.l
       588         44          0          0          0        256   m_ws.l

    ----------------------------------------------------------------------
      4518        282          0          0         96       3152   Library Totals

    ----------------------------------------------------------------------

==============================================================================


      Code (inc. data)   RO Data    RW Data    ZI Data      Debug   

     31856       3114       1508        564       3276     429784   Grand Totals
     31856       3114       1508        192       3276     429784   ELF Image Totals (compressed)
     31856       3114       1508        192          0          0   ROM Totals

==============================================================================

    Total RO  Size (Code + RO Data)                33364 (  32.58kB)
    Total RW  Size (RW Data + ZI Data)              3840 (   3.75kB)
    Total ROM Size (Code + RO Data + RW Data)      33556 (  32.77kB)

==============================================================================

